
Initial statistics: 14 variables; iteration 0; function evaluation 0; phase 1
Function value 2.1933668e+04; maximum gradient component mag 1.3450e+02
Var    Value     Gradient |Var    Value     Gradient |Var    Value     Gradient
  1  0.09925  1.34498e+02 |  2  0.33653  3.04977e+00 |  3  0.08047  3.76705e+01
  4 -0.98901 -1.34755e-01 |  5  0.31507 -7.33287e+00 |  6  0.13746  5.46955e+01
  7 -0.02999 -7.02714e-01 |  8 -0.39222 -4.28762e-02 |  9 -0.09380  2.65089e+01
 10  0.22109  4.89193e+00 | 11  0.47894  3.35834e+00 | 12  0.02720  6.36675e-01
 13  0.64859  9.39448e-01 | 14  0.06628  1.77401e+01 |

 - final statistics:
14 variables; iteration 15; function evaluation 18
Function value 2.1933e+04; maximum gradient component mag 3.2088e+00
Exit code = 1;  converg criter 1.0000e+01
Var    Value     Gradient |Var    Value     Gradient |Var    Value     Gradient
  1  0.09600  3.20878e+00 |  2  0.34011  5.04687e-01 |  3  0.07705  1.28804e+00
  4 -0.99478 -2.62636e-01 |  5  0.32285 -9.25838e-01 |  6  0.13364  1.87664e+00
  7 -0.01227  1.67342e-01 |  8 -0.44810 -1.74287e-01 |  9 -0.11997 -2.39291e-01
 10  0.21209 -2.40672e-02 | 11  0.46393  5.15898e-02 | 12 -0.02250  4.33336e-02
 13  0.45052  6.64590e-02 | 14  0.06363 -4.01513e-02 |

Initial statistics: 36 variables; iteration 0; function evaluation 0; phase 2
Function value 2.1932699e+04; maximum gradient component mag 5.1648e+01
Var    Value     Gradient |Var    Value     Gradient |Var    Value     Gradient
  1 -0.09764  5.16483e+01 |  2  0.01329 -3.89547e+01 |  3  0.09600  3.20878e+00
  4  0.34011  5.04687e-01 |  5 -0.70673  1.01253e+00 |  6 -0.79642 -5.98543e-03
  7 -0.79085 -8.45394e-04 |  8 -0.99981 -5.44857e-04 |  9  0.07705  1.28804e+00
 10  0.00521 -3.57785e+01 | 11 -0.99478 -2.62636e-01 | 12  0.32285 -9.25838e-01
 13  0.13364  1.87664e+00 | 14 -0.06397 -1.23481e+01 | 15 -0.01227  1.67342e-01
 16 -0.44810 -1.74287e-01 | 17  0.16617 -4.04634e-01 | 18  0.32867  9.64984e+00
 19  0.01665 -2.91603e+01 | 20 -0.44957  1.64729e+01 | 21 -0.11657 -1.47024e+01
 22 -0.24146 -4.42915e+00 | 23 -0.35846 -1.35358e+00 | 24 -0.50628  1.50970e-01
 25 -0.50921 -6.04666e+00 | 26 -0.10416  7.63892e+00 | 27 -0.11997 -2.39291e-01
 28 -0.01740  3.60833e+00 | 29  0.21209 -2.40672e-02 | 30  0.46393  5.15898e-02
 31 -0.02250  4.33336e-02 | 32  0.45052  6.64590e-02 | 33  0.14267 -2.27490e+01
 34  0.07469  1.62603e+00 | 35  0.06363 -4.01513e-02 | 36 -0.11524 -2.21638e+00

Intermediate statistics: 36 variables; iteration 20; function evaluation 22; phase 2
Function value 2.1931129e+04; maximum gradient component mag -8.3057e+01
Var    Value     Gradient |Var    Value     Gradient |Var    Value     Gradient
  1 -0.10527  3.42534e+01 |  2  0.01971 -3.03864e+01 |  3  0.09878 -1.92834e+01
  4  0.33409 -8.62281e+00 |  5 -0.73616 -2.64837e-01 |  6 -0.79711 -3.03871e-03
  7 -0.79096  1.65013e-04 |  8 -0.99980  2.17316e-04 |  9  0.13643 -1.60888e+01
 10  0.06839  2.16321e+01 | 11 -0.98798  9.40364e-02 | 12  0.31286  1.63246e+00
 13  0.13436 -1.40191e+01 | 14 -0.05858  8.46512e+00 | 15 -0.01401  7.29459e-02
 16 -0.43596 -1.24256e-01 | 17  0.16766  7.43152e+00 | 18  0.34712  3.75351e+01
 19  0.02168 -8.30568e+01 | 20 -0.45197  8.22538e+00 | 21 -0.10855 -8.33203e+00
 22 -0.24093 -2.59001e+00 | 23 -0.35553  2.82915e+00 | 24 -0.50665 -3.49630e-01
 25 -0.47728 -3.78309e+00 | 26 -0.08783  6.26906e+00 | 27 -0.13875  4.58715e-01
 28 -0.03866 -5.46155e-01 | 29  0.20679  1.47415e+00 | 30  0.48585  3.40380e-01
 31 -0.02733  1.38792e-01 | 32  0.53894 -9.93058e-01 | 33  0.14338 -1.37775e+01
 34  0.06767  5.08508e+00 | 35  0.06542 -8.74391e+00 | 36 -0.10941  4.43673e+00

 - final statistics:
36 variables; iteration 34; function evaluation 38
Function value 2.1930e+04; maximum gradient component mag -6.2519e+00
Exit code = 1;  converg criter 1.0000e+01
Var    Value     Gradient |Var    Value     Gradient |Var    Value     Gradient
  1 -0.11734  1.03050e-01 |  2  0.02852 -1.35630e+00 |  3  0.10120 -6.25185e+00
  4  0.33382 -7.06819e-02 |  5 -0.73021  1.01211e-01 |  6 -0.78643  1.27535e-01
  7 -0.79068  3.34512e-03 |  8 -1.00230 -5.86621e-02 |  9  0.15045 -5.12663e+00
 10  0.07998  6.02926e+00 | 11 -0.98245  2.14927e-01 | 12  0.30953  1.80406e-01
 13  0.13442 -1.01961e+00 | 14 -0.05744  6.17822e-01 | 15 -0.01778 -2.40573e-02
 16 -0.41386  5.67682e-03 | 17  0.16658 -1.79406e-01 | 18  0.33271 -6.13836e-01
 19  0.02394  1.22480e+00 | 20 -0.45587  5.14343e-01 | 21 -0.09847 -3.53539e-01
 22 -0.23879 -2.95347e-01 | 23 -0.36034 -9.81598e-02 | 24 -0.52980  1.00207e-02
 25 -0.48263 -1.41817e-01 | 26 -0.10055  1.43090e-01 | 27 -0.13926 -1.18834e-01
 28 -0.03819 -2.94257e-02 | 29  0.19556  5.71596e-02 | 30  0.49630 -2.20802e-01
 31 -0.04181 -1.22618e-01 | 32  0.85549 -1.88434e-01 | 33  0.14726  4.94266e-01
 34  0.07431  3.74574e+00 | 35  0.06651 -8.73878e-02 | 36 -0.11012 -2.32004e-02

Initial statistics: 77 variables; iteration 0; function evaluation 0; phase 3
Function value 2.1930141e+04; maximum gradient component mag -1.8239e+02
Var    Value     Gradient |Var    Value     Gradient |Var    Value     Gradient
  1 -0.11734  1.03050e-01 |  2 -0.25783  4.13645e-01 |  3  0.02852 -1.35630e+00
  4 -0.36762  6.22813e+01 |  5 -0.04017  1.59742e+01 |  6  0.10120 -6.25185e+00
  7  0.00000  1.39205e+01 |  8  0.00000  2.09648e+01 |  9  0.00000  2.84181e+01
 10  0.00000  3.09127e+01 | 11  0.00000  2.81243e+01 | 12  0.00000  2.14231e+01
 13  0.00000  9.68118e+00 | 14  0.00000 -9.07092e+00 | 15  0.00000 -3.25666e+01
 16  0.00000 -3.23094e+01 | 17  0.00000 -2.61685e+01 | 18  0.00000 -1.51656e+01
 19  0.00000  3.14458e+00 | 20  0.00000  2.60322e+01 | 21  0.00000  5.96222e+01
 22  0.00000  6.52714e+01 | 23  0.00000  4.06862e+01 | 24  0.00000  5.62665e+00
 25  0.00000 -1.14697e+02 | 26  0.00000 -1.82386e+02 | 27  0.00000 -5.99116e+01
 28  0.00000 -5.88040e+01 | 29  0.00000  6.17328e+01 | 30  0.00000  5.48163e+00
 31  0.00000  1.51531e+01 | 32  0.00000  3.22540e+01 | 33  0.00000  2.81095e+01
 34  0.00000  1.91858e+00 | 35  0.00000  6.86673e+00 | 36  0.00000  9.92166e+00
 37  0.00000  1.78459e+01 | 38  0.00000 -2.03222e+00 | 39  0.33382 -7.06819e-02
 40 -0.73021  1.01211e-01 | 41 -0.78643  1.27535e-01 | 42 -0.79068  3.34512e-03
 43 -0.99770  5.86621e-02 | 44  0.15045 -5.12663e+00 | 45  0.07998  6.02926e+00
 46 -0.26173  2.69664e+01 | 47 -0.98245  2.14927e-01 | 48  0.30953  1.80406e-01
 49  0.96085 -1.78226e-03 | 50  0.13442 -1.01961e+00 | 51 -0.05744  6.17822e-01
 52 -0.46067 -2.88509e+00 | 53 -0.01778 -2.40573e-02 | 54 -0.41386  5.67682e-03
 55  0.16658 -1.79406e-01 | 56  0.33271 -6.13836e-01 | 57  0.02394  1.22480e+00
 58 -0.45587  5.14343e-01 | 59 -0.55787  2.03675e-01 | 60 -0.09847 -3.53539e-01
 61 -0.00263  1.71354e+00 | 62 -0.23879 -2.95347e-01 | 63 -0.36034 -9.81598e-02
 64 -0.52980  1.00207e-02 | 65 -0.48263 -1.41817e-01 | 66 -0.10055  1.43090e-01
 67 -0.13926 -1.18834e-01 | 68 -0.03819 -2.94257e-02 | 69  0.19556  5.71596e-02
 70  0.49630 -2.20802e-01 | 71 -0.04181 -1.22618e-01 | 72  0.85549 -1.88434e-01
 73  0.14726  4.94266e-01 | 74  0.07431  3.74574e+00 | 75  0.06651 -8.73878e-02
 76 -0.11012 -2.32004e-02 | 77 -0.08234  2.87243e+01 |

Intermediate statistics: 77 variables; iteration 20; function evaluation 30; phase 3
Function value 2.1899647e+04; maximum gradient component mag -4.6222e+02
Var    Value     Gradient |Var    Value     Gradient |Var    Value     Gradient
  1 -0.08175  1.95391e+00 |  2 -0.25353 -1.59056e+02 |  3 -0.00148 -4.22512e+01
  4 -0.30257  4.81205e+01 |  5 -0.07446  1.67164e+01 |  6  0.09285 -4.62215e+02
  7 -0.00662 -1.35394e+01 |  8 -0.01296 -8.97713e+00 |  9 -0.01871 -3.95517e+00
 10 -0.01962 -2.08851e-01 | 11 -0.01751  1.66765e+00 | 12 -0.01401  1.96977e+00
 13 -0.00985  3.41338e-01 | 14  0.00384 -2.68497e+00 | 15  0.02941 -6.46331e+00
 16  0.03276 -3.90639e+00 | 17  0.01974 -2.20004e+00 | 18  0.01086  1.37260e+00
 19  0.00418  8.27879e+00 | 20  0.00135  1.89948e+01 | 21 -0.00796  3.38339e+01
 22 -0.00608  3.70592e+01 | 23  0.00533  2.37038e+01 | 24  0.00901 -7.52295e-02
 25 -0.04027 -5.29845e+01 | 26  0.21032 -5.76905e+01 | 27 -0.02677 -3.68526e+01
 28  0.07110 -2.29303e+01 | 29 -0.03538  1.69896e+01 | 30  0.00140 -6.16831e+00
 31 -0.01307 -5.00499e+00 | 32 -0.03736 -4.55589e-01 | 33 -0.04678 -2.87954e+00
 34 -0.01702 -1.18865e+01 | 35 -0.00864 -9.25591e+00 | 36 -0.02606 -9.81241e+00
 37 -0.02925 -7.11835e+00 | 38 -0.00508 -1.25633e+01 | 39  0.32599 -4.84645e+01
 40 -0.73726 -1.94397e+00 | 41 -0.78947  8.67451e-02 | 42 -0.79073 -6.22834e-03
 43 -0.99916  2.25403e-02 | 44  0.10612 -1.04364e+02 | 45  0.04413  1.94666e+02
 46 -0.25688  6.82594e+01 | 47 -0.98542  5.45197e-01 | 48  0.32360  1.53830e+01
 49  0.96068 -1.30406e-01 | 50  0.13074 -1.20910e+02 | 51 -0.05892  1.05572e+02
 52 -0.46007  2.44826e+00 | 53 -0.03074 -2.17805e-01 | 54 -0.41207 -1.52521e-01
 55  0.16662  1.41172e+00 | 56  0.31492 -1.55804e+01 | 57  0.01302  2.77520e+01
 58 -0.47127 -4.43366e+00 | 59 -0.54984 -4.39172e+00 | 60 -0.13050 -2.18815e-01
 61  0.00918 -8.98160e+00 | 62 -0.23622 -6.38457e-01 | 63 -0.36082 -1.54078e+00
 64 -0.52958  1.48394e-01 | 65 -0.49924 -1.55925e+00 | 66 -0.09662  2.21128e+00
 67 -0.09748 -5.92761e+00 | 68 -0.01113  8.67851e+00 | 69  0.24573  6.72122e+00
 70  0.52162 -5.16683e+00 | 71 -0.01175 -7.46681e-01 | 72  0.85765 -8.65293e-01
 73  0.14643  1.08610e+01 | 74  0.09386  4.91187e+01 | 75  0.06473 -1.66751e+01
 76 -0.11607  6.81669e+00 | 77 -0.07799 -2.23776e+01 |
77 variables; iteration 40; function evaluation 54; phase 3
Function value 2.1887981e+04; maximum gradient component mag -7.9846e+01
Var    Value     Gradient |Var    Value     Gradient |Var    Value     Gradient
  1 -0.09174 -1.79690e+01 |  2 -0.25930 -7.98455e+01 |  3  0.00846 -4.92107e+01
  4 -0.34320  1.48708e+01 |  5 -0.04857  2.60063e+00 |  6  0.09574  7.09306e+00
  7 -0.00993  4.91386e+00 |  8 -0.01670  6.36775e+00 |  9 -0.02840  5.08178e+00
 10 -0.03118  4.20092e+00 | 11 -0.02882  2.69839e+00 | 12 -0.02888 -1.64626e+00
 13 -0.02487 -5.14113e+00 | 14  0.00053 -5.71445e+00 | 15  0.02642 -1.37335e+01
 16  0.03410 -1.07693e+01 | 17  0.02101 -9.65876e+00 | 18 -0.00301 -1.18219e+01
 19  0.00704 -4.48626e-01 | 20 -0.00897  1.37963e+00 | 21 -0.03203  7.50900e+00
 22 -0.03893  4.84172e+00 | 23 -0.01825  1.04549e-01 | 24  0.00220  1.60873e+00
 25  0.06431 -1.28679e+01 | 26  0.21697 -1.11087e+01 | 27  0.01599 -7.02287e+00
 28  0.08447 -2.61230e+00 | 29 -0.04832  1.48759e+01 | 30 -0.01256 -1.29462e+01
 31 -0.01571  1.46295e+00 | 32 -0.04245  4.28758e+00 | 33 -0.03996  7.05110e+00
 34 -0.00982 -9.82236e-02 | 35 -0.00540  2.51709e+00 | 36 -0.01369  4.65892e+00
 37 -0.02393  5.50427e+00 | 38  0.01256  3.95377e+00 | 39  0.33328  1.43471e+01
 40 -0.69265  4.95582e-01 | 41 -0.79218  9.85352e-03 | 42 -0.79068 -9.72995e-04
 43 -0.98946  3.01570e-01 | 44  0.09670  2.49027e+01 | 45  0.01628 -1.61342e+01
 46 -0.26751  7.24981e+00 | 47 -0.97882  2.51763e-01 | 48  0.31341 -3.55948e-01
 49  0.96183  5.70579e-03 | 50  0.13772  9.43350e+00 | 51 -0.06578 -1.00970e+01
 52 -0.45901  6.49295e-01 | 53 -0.04524 -5.57036e-01 | 54 -0.35756  1.45156e-02
 55  0.16616  8.84583e-01 | 56  0.32022 -6.29855e+00 | 57  0.01292  7.66950e+00
 58 -0.47678  2.54147e+00 | 59 -0.45375  1.85443e+01 | 60 -0.12340  7.01983e+00
 61 -0.02798  1.38649e+01 | 62 -0.23418  9.08845e-01 | 63 -0.36391 -9.21450e+00
 64 -0.50135  8.15383e-01 | 65 -0.43697 -1.53312e+00 | 66 -0.05852  3.13774e+00
 67 -0.08689  7.88325e-01 | 68 -0.00758  1.99452e+00 | 69  0.21922  1.82621e-02
 70  0.48760 -8.56754e-02 | 71  0.00180 -4.98536e-01 | 72  0.99128  1.65650e-01
 73  0.14421  6.02384e+00 | 74  0.07873 -3.15042e+00 | 75  0.06495 -4.85647e+00
 76 -0.11319  2.83726e+00 | 77 -0.07221  7.50910e+00 |
77 variables; iteration 60; function evaluation 79; phase 3
Function value 2.1886299e+04; maximum gradient component mag -1.3140e+01
Var    Value     Gradient |Var    Value     Gradient |Var    Value     Gradient
  1 -0.09693 -1.19806e+00 |  2 -0.25784 -1.31397e+01 |  3  0.01235 -5.61288e+00
  4 -0.36329  3.02403e+00 |  5 -0.04272 -2.17344e-02 |  6  0.09870  6.20078e+00
  7 -0.00809  1.49434e+00 |  8 -0.01963  1.16782e+00 |  9 -0.03187  4.22908e-01
 10 -0.03253  1.27897e+00 | 11 -0.02515  3.35883e+00 | 12 -0.02333  1.44308e+00
 13 -0.02072 -1.72271e+00 | 14  0.00548 -1.82730e-01 | 15  0.03535 -4.93584e+00
 16  0.03805 -2.32723e+00 | 17  0.02491 -1.89763e+00 | 18  0.01668 -4.23666e-02
 19 -0.00012 -1.60932e+00 | 20 -0.00867  2.23883e-01 | 21 -0.03959  2.18217e+00
 22 -0.04708 -9.53403e-01 | 23 -0.01306  1.09879e+00 | 24 -0.00758  4.91024e-01
 25  0.10017  4.04305e+00 | 26  0.21356  5.98319e-01 | 27  0.02865  1.41883e-01
 28  0.08564 -2.45878e+00 | 29 -0.06830  2.29944e+00 | 30  0.00428  1.00189e+00
 31 -0.02200 -6.65720e-01 | 32 -0.05072  2.57900e-01 | 33 -0.04658  2.94213e+00
 34 -0.01047  8.82727e-01 | 35 -0.01144  1.51258e+00 | 36 -0.02372  8.59936e-01
 37 -0.03706  8.24396e-01 | 38 -0.00041 -2.76749e-01 | 39  0.33395  7.79411e+00
 40 -0.70422  8.03184e-02 | 41 -0.80150 -6.26530e-02 | 42 -0.79083  2.20457e-04
 43 -1.00222 -6.33661e-02 | 44  0.08324  2.50286e+00 | 45  0.00772  1.54293e-01
 46 -0.26220  2.14870e+00 | 47 -0.99026 -6.32324e-02 | 48  0.31192 -1.31799e+00
 49  0.96089  1.44120e-02 | 50  0.13751  6.25425e+00 | 51 -0.06471 -5.01730e+00
 52 -0.45687  9.75883e-01 | 53 -0.02619 -1.39198e-02 | 54 -0.42149 -1.82383e-01
 55  0.16599  3.63058e-01 | 56  0.32420 -2.94144e+00 | 57  0.01497  3.88624e+00
 58 -0.48566  1.58299e+00 | 59 -0.45438  7.25445e+00 | 60 -0.14726 -1.17810e+00
 61 -0.04428  2.58789e+00 | 62 -0.23102  5.24028e-02 | 63 -0.35991  7.97248e-01
 64 -0.52520 -8.16830e-02 | 65 -0.49166  5.48728e-01 | 66 -0.09428 -2.55350e-01
 67 -0.09249  1.88560e+00 | 68 -0.01687 -1.73166e+00 | 69  0.22115  5.21750e-01
 70  0.48557  4.47495e-03 | 71  0.08129  6.52341e-01 | 72  0.96150  6.53826e-02
 73  0.14420  1.46882e+00 | 74  0.07952  7.77415e-01 | 75  0.06521 -3.23195e-01
 76 -0.11621 -1.19064e-01 | 77 -0.07791  3.17603e+00 |
Maximum number of function evaluations exceeded

 - final statistics:
77 variables; iteration 76; function evaluation 100
Function value 2.1886e+04; maximum gradient component mag 4.7358e+00
Exit code = 3;  converg criter 1.0000e+00
Var    Value     Gradient |Var    Value     Gradient |Var    Value     Gradient
  1 -0.09786  3.98205e-01 |  2 -0.25748  4.73576e+00 |  3  0.01330  3.25688e+00
  4 -0.36707  2.59396e-02 |  5 -0.04210 -3.43383e-01 |  6  0.09970 -2.91774e-01
  7 -0.00804 -5.53587e-01 |  8 -0.01782  4.23660e-02 |  9 -0.02914  5.37436e-03
 10 -0.03265 -3.33413e-01 | 11 -0.02979 -1.95320e-01 | 12 -0.02512 -2.16470e-01
 13 -0.01639  1.88720e-01 | 14  0.00330  2.22929e-01 | 15  0.04585  6.40782e-01
 16  0.03785 -1.64624e-01 | 17  0.02590 -3.00667e-01 | 18  0.01399 -5.31983e-01
 19  0.00502  3.62241e-01 | 20 -0.00879 -2.10445e-01 | 21 -0.04311 -4.69997e-01
 22 -0.04440 -3.45809e-01 | 23 -0.01491 -5.87388e-01 | 24 -0.00538  1.44964e-01
 25  0.09650  3.14037e-01 | 26  0.21455  4.45671e-01 | 27  0.02805 -9.07224e-02
 28  0.08925  5.33050e-01 | 29 -0.07203 -4.19469e-01 | 30  0.00368 -1.35032e-02
 31 -0.02013  3.54395e-01 | 32 -0.05080 -8.94554e-02 | 33 -0.05085 -2.58433e-01
 34 -0.01096  3.27244e-01 | 35 -0.01544 -7.26755e-01 | 36 -0.02644 -7.34521e-01
 37 -0.03899 -4.11454e-01 | 38  0.00153  9.86427e-02 | 39  0.33158  5.04545e-02
 40 -0.70385  1.90954e-01 | 41 -0.79463  2.16030e-02 | 42 -0.79100 -9.21721e-04
 43 -1.00297 -8.49319e-02 | 44  0.08072  3.42843e-01 | 45  0.00603 -4.75082e-01
 46 -0.26118 -4.44971e-01 | 47 -0.99184 -1.15774e-01 | 48  0.31339 -8.39313e-01
 49  0.96234  1.27063e-02 | 50  0.13708 -2.02892e+00 | 51 -0.06386  2.16635e+00
 52 -0.46112 -1.04458e-01 | 53 -0.03080  1.26341e-01 | 54 -0.38031  9.51314e-02
 55  0.16620 -1.55029e-01 | 56  0.32920  6.94862e-01 | 57  0.01705 -6.81006e-01
 58 -0.47096  1.45361e-01 | 59 -0.47196  3.86015e+00 | 60 -0.13164  5.97561e-01
 61 -0.03567  1.25098e+00 | 62 -0.23520  3.32272e-01 | 63 -0.35673 -1.07598e+00
 64 -0.48336  1.33274e-01 | 65 -0.51390  1.04257e-01 | 66 -0.10772 -3.39923e-01
 67 -0.09394  6.76990e-01 | 68 -0.01799 -8.92183e-01 | 69  0.22028 -7.08874e-02
 70  0.48426  3.37185e-01 | 71  0.02193 -8.32425e-02 | 72  0.82580  8.08936e-02
 73  0.14242 -7.16122e-02 | 74  0.07803 -6.46095e-01 | 75  0.06588  2.94216e-01
 76 -0.11537 -1.30977e-01 | 77 -0.07983 -1.35486e+00 |

Initial statistics: 158 variables; iteration 0; function evaluation 0; phase 4
Function value 2.1886102e+04; maximum gradient component mag 4.7358e+00
Var    Value     Gradient |Var    Value     Gradient |Var    Value     Gradient
  1 -0.09786  3.98205e-01 |  2 -0.25748  4.73576e+00 |  3  0.01330  3.25688e+00
  4 -0.36707  2.59396e-02 |  5 -0.04210 -3.43383e-01 |  6  0.09970 -2.91774e-01
  7  0.00000 -1.15226e-01 |  8  0.00000 -1.29291e-01 |  9  0.00000 -1.44386e-01
 10  0.00000 -1.60379e-01 | 11  0.00000 -1.77070e-01 | 12  0.00000 -1.94147e-01
 13  0.00000 -2.11186e-01 | 14  0.00000 -2.27659e-01 | 15  0.00000 -2.42895e-01
 16  0.00000 -2.56086e-01 | 17  0.00000 -2.66269e-01 | 18  0.00000 -2.72332e-01
 19  0.00000 -2.73000e-01 | 20  0.00000 -2.66807e-01 | 21  0.00000 -2.52178e-01
 22  0.00000 -2.27515e-01 | 23  0.00000 -1.91079e-01 | 24  0.00000 -1.41035e-01
 25  0.00000 -7.58038e-02 | 26  0.00000  9.16644e-03 | 27  0.00000  1.15423e-01
 28  0.00000  2.40719e-01 | 29  0.00000  3.85423e-01 | 30  0.00000  5.49070e-01
 31  0.00000  7.31761e-01 | 32  0.00000  9.30941e-01 | 33  0.00000  1.14268e+00
 34  0.00000  1.36609e+00 | 35  0.00000  1.59832e+00 | 36  0.00000  1.82579e+00
 37  0.00000  2.03600e+00 | 38  0.00000  2.22126e+00 | 39  0.00000  2.37500e+00
 40  0.00000  2.49633e+00 | 41  0.00000  2.57836e+00 | 42  0.00000  2.61441e+00
 43  0.00000  2.59972e+00 | 44  0.00000  2.52983e+00 | 45  0.00000  2.40308e+00
 46  0.00000  2.21930e+00 | 47  0.00000  1.97939e+00 | 48  0.00000  1.68483e+00
 49  0.00000  1.33946e+00 | 50  0.00000  9.47715e-01 | 51  0.00000  5.15565e-01
 52  0.00000  4.99351e-02 | 53  0.00000 -4.43374e-01 | 54  0.00000 -9.56377e-01
 55  0.00000 -1.48001e+00 | 56  0.00000 -2.00323e+00 | 57  0.00000 -2.51360e+00
 58  0.00000 -2.99666e+00 | 59  0.00000 -3.43506e+00 | 60  0.00000 -3.81137e+00
 61  0.00000 -4.10651e+00 | 62  0.00000 -4.29908e+00 | 63  0.00000 -4.37063e+00
 64  0.00000 -4.30493e+00 | 65  0.00000 -4.08688e+00 | 66  0.00000 -3.71167e+00
 67  0.00000 -3.18248e+00 | 68  0.00000 -2.51545e+00 | 69  0.00000 -1.73660e+00
 70  0.00000 -8.80055e-01 | 71  0.00000  1.23472e-02 | 72  0.00000  8.92260e-01
 73  0.00000  1.70770e+00 | 74  0.00000  2.40545e+00 | 75  0.00000  2.94106e+00
 76  0.00000  3.27915e+00 | 77  0.00000  3.39317e+00 | 78  0.00000  3.24691e+00
 79  0.00000  2.78198e+00 | 80  0.00000  2.04202e+00 | 81  0.00000  1.43585e+00
 82  0.00000  9.08562e-01 | 83  0.00000  1.18144e-01 | 84  0.00000 -1.05736e+00
 85  0.00000 -1.61005e+00 | 86  0.00000 -2.61172e-01 | 87 -0.00804 -4.61555e-01
 88 -0.01781  1.34370e-01 | 89 -0.02913  9.73179e-02 | 90 -0.03265 -2.41494e-01
 91 -0.02978 -1.03381e-01 | 92 -0.02512 -1.24502e-01 | 93 -0.01639  2.80729e-01
 94  0.00331  3.14967e-01 | 95  0.04585  7.32583e-01 | 96  0.03785 -7.27470e-02
 97  0.02590 -2.08703e-01 | 98  0.01399 -4.39965e-01 | 99  0.00502  4.54278e-01
100 -0.00879 -1.18414e-01 |101 -0.04311 -3.78169e-01 |102 -0.04440 -2.53993e-01
103 -0.01490 -4.95373e-01 |104 -0.00538  2.37000e-01 |105  0.09650  4.05021e-01
106  0.21455  5.32533e-01 |107  0.02805  1.22818e-03 |108  0.08926  6.24186e-01
109 -0.07203 -3.28018e-01 |110  0.00368  7.85352e-02 |111 -0.02013  4.46389e-01
112 -0.05080  2.29160e-03 |113 -0.05085 -1.66687e-01 |114 -0.01096  4.19270e-01
115 -0.01544 -6.34743e-01 |116 -0.02643 -6.42560e-01 |117 -0.03899 -3.19587e-01
118  0.00153  1.90682e-01 |119  0.33158  5.04545e-02 |120 -0.70385  1.90954e-01
121 -0.79463  2.16030e-02 |122 -0.79100 -9.21721e-04 |123 -0.99703  8.49319e-02
124  0.08072  3.42843e-01 |125  0.00603 -4.75082e-01 |126 -0.26118 -4.44971e-01
127 -0.99184 -1.15774e-01 |128  0.31339 -8.39313e-01 |129  0.96234  1.27063e-02
130  0.13708 -2.02892e+00 |131 -0.06386  2.16635e+00 |132 -0.46112 -1.04458e-01
133 -0.03080  1.26341e-01 |134 -0.38031  9.51314e-02 |135  0.16620 -1.55029e-01
136  0.32920  6.94862e-01 |137  0.01705 -6.81006e-01 |138 -0.47096  1.45361e-01
139 -0.47196  3.86015e+00 |140 -0.13164  5.97561e-01 |141 -0.03567  1.25098e+00
142 -0.23520  3.32272e-01 |143 -0.24241 -1.12507e+00 |144 -0.35673 -1.07598e+00
145 -0.48336  1.33274e-01 |146 -0.51390  1.04257e-01 |147 -0.10772 -3.39923e-01
148 -0.09394  6.76990e-01 |149 -0.01799 -8.92183e-01 |150  0.22028 -7.08874e-02
151  0.48426  3.37185e-01 |152  0.02193 -8.32425e-02 |153  0.82580  8.08936e-02
154  0.14242 -7.16122e-02 |155  0.07803 -6.46095e-01 |156  0.06588  2.94216e-01
157 -0.11537 -1.30977e-01 |158 -0.07983 -1.35486e+00 |

Intermediate statistics: 158 variables; iteration 20; function evaluation 24; phase 4
Function value 2.1885934e+04; maximum gradient component mag 1.4508e+01
Var    Value     Gradient |Var    Value     Gradient |Var    Value     Gradient
  1 -0.09864 -6.41505e+00 |  2 -0.25794 -6.61753e+00 |  3  0.01399 -4.93570e+00
  4 -0.36732 -1.59538e-02 |  5 -0.04148 -2.85628e-01 |  6  0.09976  1.45079e+01
  7  0.00015 -3.62173e-02 |  8  0.00016 -4.46203e-02 |  9  0.00018 -5.37706e-02
 10  0.00019 -6.35944e-02 | 11  0.00021 -7.39746e-02 | 12  0.00022 -8.47212e-02
 13  0.00024 -9.55708e-02 | 14  0.00026 -1.06190e-01 | 15  0.00027 -1.16152e-01
 16  0.00029 -1.24938e-01 | 17  0.00030 -1.31926e-01 | 18  0.00031 -1.36393e-01
 19  0.00031 -1.37509e-01 | 20  0.00031 -1.34317e-01 | 21  0.00030 -1.25788e-01
 22  0.00028 -1.10882e-01 | 23  0.00025 -8.84701e-02 | 24  0.00020 -5.73717e-02
 25  0.00015 -1.65716e-02 | 26  0.00008  3.69341e-02 | 27 -0.00002  1.04088e-01
 28 -0.00013  1.83257e-01 | 29 -0.00025  2.74567e-01 | 30 -0.00040  3.77576e-01
 31 -0.00056  4.92221e-01 | 32 -0.00074  6.16673e-01 | 33 -0.00093  7.48238e-01
 34 -0.00113  8.86290e-01 | 35 -0.00134  1.02896e+00 | 36 -0.00155  1.16750e+00
 37 -0.00175  1.29411e+00 | 38 -0.00193  1.40426e+00 | 39 -0.00208  1.49417e+00
 40 -0.00221  1.56367e+00 | 41 -0.00231  1.60876e+00 | 42 -0.00237  1.62562e+00
 43 -0.00239  1.61161e+00 | 44 -0.00236  1.56427e+00 | 45 -0.00229  1.48279e+00
 46 -0.00217  1.36719e+00 | 47 -0.00200  1.21805e+00 | 48 -0.00179  1.03623e+00
 49 -0.00154  8.23938e-01 | 50 -0.00125  5.83633e-01 | 51 -0.00092  3.18682e-01
 52 -0.00057  3.29793e-02 | 53 -0.00019 -2.70240e-01 | 54  0.00021 -5.86388e-01
 55  0.00062 -9.10104e-01 | 56  0.00102 -1.23462e+00 | 57  0.00143 -1.55200e+00
 58  0.00181 -1.85269e+00 | 59  0.00215 -2.12483e+00 | 60  0.00245 -2.35608e+00
 61  0.00269 -2.53265e+00 | 62  0.00285 -2.63909e+00 | 63  0.00291 -2.66179e+00
 64  0.00287 -2.58894e+00 | 65  0.00271 -2.41025e+00 | 66  0.00243 -2.12304e+00
 67  0.00204 -1.73091e+00 | 68  0.00155 -1.24615e+00 | 69  0.00099 -6.86925e-01
 70  0.00039 -7.52548e-02 | 71 -0.00022  5.63960e-01 | 72 -0.00078  1.20390e+00
 73 -0.00124  1.81753e+00 | 74 -0.00157  2.37705e+00 | 75 -0.00174  2.86068e+00
 76 -0.00171  3.24962e+00 | 77 -0.00149  3.52696e+00 | 78 -0.00104  3.66392e+00
 79 -0.00034  3.60685e+00 | 80  0.00053  3.35598e+00 | 81  0.00119  3.14385e+00
 82  0.00163  2.91761e+00 | 83  0.00204  2.44137e+00 | 84  0.00257  1.61954e+00
 85  0.00263  1.16553e+00 | 86  0.00102  1.84224e+00 | 87 -0.00716  8.36268e-01
 88 -0.01808  6.15608e-01 | 89 -0.02982 -1.56335e-02 | 90 -0.03330 -7.07529e-01
 91 -0.03055 -9.41155e-01 | 92 -0.02546 -1.14919e+00 | 93 -0.01654 -1.11763e+00
 94  0.00323 -1.32074e+00 | 95  0.04563 -1.53325e+00 | 96  0.03811 -2.01792e+00
 97  0.02579 -1.87474e+00 | 98  0.01405 -1.90318e+00 | 99  0.00413 -1.40628e+00
100 -0.00957 -1.51128e+00 |101 -0.04322 -1.21359e+00 |102 -0.04432 -1.00565e+00
103 -0.01480 -9.71340e-01 |104 -0.00557 -3.63544e-01 |105  0.09700 -4.01951e-01
106  0.21493  5.89738e-01 |107  0.02838 -4.20001e-01 |108  0.08940 -2.77863e-01
109 -0.07177 -7.83470e-01 |110  0.00367 -7.91798e-01 |111 -0.02006 -1.14599e-01
112 -0.05088 -7.51206e-01 |113 -0.05084 -8.53143e-01 |114 -0.01125 -4.76865e-01
115 -0.01473 -8.32593e-01 |116 -0.02574 -9.15585e-01 |117 -0.03846 -5.87164e-01
118  0.00154 -3.28633e-01 |119  0.33416  4.51329e+00 |120 -0.70558 -3.39724e-02
121 -0.79519  1.50754e-02 |122 -0.79097 -4.67064e-04 |123 -0.99894  2.95050e-02
124  0.08077  4.02491e+00 |125  0.00582 -6.12120e+00 |126 -0.26205 -5.78224e+00
127 -0.98979 -4.26706e-02 |128  0.31392 -8.72372e-01 |129  0.96221  1.24142e-02
130  0.13676 -8.55341e+00 |131 -0.06343  8.27059e+00 |132 -0.46031  1.30225e-01
133 -0.03213 -8.73080e-03 |134 -0.38236  5.84196e-02 |135  0.16601 -1.02500e+00
136  0.32873  1.51533e+00 |137  0.01669 -3.22154e+00 |138 -0.46175  3.14957e+00
139 -0.49176  5.01217e+00 |140 -0.12562 -2.71470e-01 |141 -0.02318  4.47323e+00
142 -0.23781  1.26397e-01 |143 -0.24207  2.79522e+00 |144 -0.35716 -1.53584e+00
145 -0.48336  1.86982e-01 |146 -0.51166  1.31463e-01 |147 -0.10620 -2.85676e-01
148 -0.09290  4.17089e+00 |149 -0.01899 -4.61242e+00 |150  0.22070  3.43671e-01
151  0.48203  5.66831e-01 |152  0.02391 -4.32001e-02 |153  0.82344  1.33017e-01
154  0.14237 -1.07730e+00 |155  0.07690 -4.03568e+00 |156  0.06656  6.15956e+00
157 -0.11559 -3.03706e+00 |158 -0.08288 -3.94232e+00 |
158 variables; iteration 40; function evaluation 45; phase 4
Function value 2.1885735e+04; maximum gradient component mag 3.0355e+00
Var    Value     Gradient |Var    Value     Gradient |Var    Value     Gradient
  1 -0.09736  4.20089e-01 |  2 -0.25800  1.07338e-01 |  3  0.01322 -4.75676e-01
  4 -0.36641  1.24820e+00 |  5 -0.04038  4.70714e-01 |  6  0.09895  3.03551e+00
  7  0.00029 -4.13912e-02 |  8  0.00034 -3.90344e-02 |  9  0.00039 -3.61030e-02
 10  0.00045 -3.25584e-02 | 11  0.00051 -2.83714e-02 | 12  0.00058 -2.35370e-02
 13  0.00065 -1.80764e-02 | 14  0.00072 -1.20402e-02 | 15  0.00079 -5.52139e-03
 16  0.00086  1.34433e-03 | 17  0.00092  8.36733e-03 | 18  0.00098  1.53060e-02
 19  0.00102  2.18651e-02 | 20  0.00104  2.76862e-02 | 21  0.00104  3.23810e-02
 22  0.00101  3.55721e-02 | 23  0.00094  3.68763e-02 | 24  0.00084  3.59133e-02
 25  0.00069  3.24921e-02 | 26  0.00049  2.55882e-02 | 27  0.00022  1.54281e-02
 28 -0.00010  3.55632e-03 | 29 -0.00047 -9.27820e-03 | 30 -0.00089 -2.20672e-02
 31 -0.00134 -3.39812e-02 | 32 -0.00184 -4.36804e-02 | 33 -0.00235 -4.99554e-02
 34 -0.00288 -5.25881e-02 | 35 -0.00342 -5.13223e-02 | 36 -0.00394 -4.52266e-02
 37 -0.00441 -3.47085e-02 | 38 -0.00481 -2.10352e-02 | 39 -0.00514 -5.62811e-03
 40 -0.00540  1.00962e-02 | 41 -0.00559  2.53428e-02 | 42 -0.00567  3.93186e-02
 43 -0.00566  5.12110e-02 | 44 -0.00555  6.01862e-02 | 45 -0.00533  6.55518e-02
 46 -0.00500  6.66597e-02 | 47 -0.00457  6.29298e-02 | 48 -0.00404  5.39176e-02
 49 -0.00342  3.97336e-02 | 50 -0.00272  2.11132e-02 | 51 -0.00194 -2.01500e-04
 52 -0.00108 -2.13704e-02 | 53 -0.00015 -3.86084e-02 | 54  0.00085 -4.69843e-02
 55  0.00193 -4.11018e-02 | 56  0.00307 -1.60137e-02 | 57  0.00426  3.13616e-02
 58  0.00547  1.00734e-01 | 59  0.00664  1.87010e-01 | 60  0.00771  2.80169e-01
 61  0.00858  3.65999e-01 | 62  0.00916  4.27733e-01 | 63  0.00935  4.50724e-01
 64  0.00909  4.26158e-01 | 65  0.00834  3.54128e-01 | 66  0.00716  2.48942e-01
 67  0.00565  1.36989e-01 | 68  0.00395  5.08397e-02 | 69  0.00221  1.64778e-02
 70  0.00055  4.20189e-02 | 71 -0.00099  1.13911e-01 | 72 -0.00237  2.03423e-01
 73 -0.00358  2.80400e-01 | 74 -0.00457  3.25254e-01 | 75 -0.00529  3.34439e-01
 76 -0.00567  3.15276e-01 | 77 -0.00564  2.79195e-01 | 78 -0.00511  2.37556e-01
 79 -0.00389  2.03266e-01 | 80 -0.00206  1.93140e-01 | 81 -0.00073  1.81200e-01
 82  0.00015  1.66853e-01 | 83  0.00143  1.85547e-01 | 84  0.00397  3.73896e-01
 85  0.00492  4.82843e-01 | 86 -0.00009  1.18201e-01 | 87 -0.00718  3.51886e-01
 88 -0.01870  1.85130e-01 | 89 -0.03024 -2.96454e-02 | 90 -0.03309 -1.05398e-01
 91 -0.03069 -2.95650e-01 | 92 -0.02582 -4.42761e-01 | 93 -0.01722 -3.65049e-01
 94  0.00349 -9.91361e-02 | 95  0.04338 -5.89237e-01 | 96  0.03959  1.83519e-01
 97  0.02634 -4.94664e-03 | 98  0.01477 -7.65580e-02 | 99  0.00389 -1.41091e-02
100 -0.00886  4.13198e-03 |101 -0.04237  1.81110e-01 |102 -0.04308  6.73713e-01
103 -0.01315  8.27645e-01 |104 -0.00533  6.65169e-01 |105  0.09719  9.11871e-01
106  0.21437  6.90924e-01 |107  0.02823  3.52506e-02 |108  0.08825 -4.07689e-01
109 -0.07197 -2.68163e-01 |110  0.00339 -3.70195e-02 |111 -0.02140 -4.24095e-01
112 -0.05122 -1.40048e-01 |113 -0.05030  3.10656e-01 |114 -0.01189 -5.86865e-02
115 -0.01431 -1.29777e-01 |116 -0.02498  4.76310e-02 |117 -0.03810  1.62765e-02
118  0.00140  1.36421e-01 |119  0.33495  2.49442e+00 |120 -0.70469  6.09714e-02
121 -0.79784 -1.64902e-02 |122 -0.79059  1.47074e-03 |123 -0.99322  1.94916e-01
124  0.08130  1.43840e-02 |125  0.00599  5.72040e-01 |126 -0.26219 -2.97678e-01
127 -0.99290 -1.53681e-01 |128  0.31474 -1.39191e-01 |129  0.95891 -3.30387e-03
130  0.13740  6.92528e-01 |131 -0.06422 -9.34629e-01 |132 -0.46128  2.77035e-03
133 -0.02686 -7.27144e-02 |134 -0.41257 -1.16488e-01 |135  0.16618  2.33261e-01
136  0.33304  1.08492e+00 |137  0.01855  5.89234e-01 |138 -0.46484 -7.21680e-01
139 -0.50498  9.44994e-01 |140 -0.12817  2.62180e-01 |141 -0.01935  1.10271e-01
142 -0.23829  3.83636e-02 |143 -0.24051  8.26222e-01 |144 -0.35577  2.39999e-01
145 -0.48565 -2.98410e-02 |146 -0.51527  1.88893e-01 |147 -0.10900 -5.28171e-01
148 -0.09474 -9.11388e-02 |149 -0.01863 -3.98991e-01 |150  0.21604 -1.06996e+00
151  0.47812 -3.45845e-01 |152  0.02623 -3.14313e-02 |153  0.73185  4.71557e-02
154  0.14254  4.06581e-02 |155  0.07665  9.13439e-01 |156  0.06642 -4.13421e-01
157 -0.11473  4.03049e-01 |158 -0.08071 -1.13008e-01 |
158 variables; iteration 60; function evaluation 65; phase 4
Function value 2.1885711e+04; maximum gradient component mag 1.3549e+00
Var    Value     Gradient |Var    Value     Gradient |Var    Value     Gradient
  1 -0.09759  2.29552e-01 |  2 -0.25781 -1.08706e-01 |  3  0.01327  2.81369e-02
  4 -0.36752 -1.02787e-03 |  5 -0.04019  6.62254e-02 |  6  0.09930  5.46245e-01
  7  0.00040  8.98180e-03 |  8  0.00044  1.02833e-02 |  9  0.00049  1.16749e-02
 10  0.00055  1.31442e-02 | 11  0.00060  1.46747e-02 | 12  0.00066  1.62450e-02
 13  0.00072  1.78314e-02 | 14  0.00078  1.94095e-02 | 15  0.00084  2.09561e-02
 16  0.00089  2.24529e-02 | 17  0.00094  2.38888e-02 | 18  0.00098  2.52620e-02
 19  0.00100  2.65796e-02 | 20  0.00101  2.78568e-02 | 21  0.00100  2.91094e-02
 22  0.00097  3.03412e-02 | 23  0.00090  3.15343e-02 | 24  0.00080  3.26121e-02
 25  0.00067  3.34480e-02 | 26  0.00048  3.38140e-02 | 27  0.00024  3.33125e-02
 28 -0.00005  3.15320e-02 | 29 -0.00040  2.80767e-02 | 30 -0.00079  2.26577e-02
 31 -0.00124  1.51169e-02 | 32 -0.00173  5.67918e-03 | 33 -0.00225 -5.00344e-03
 34 -0.00280 -1.62911e-02 | 35 -0.00337 -2.73810e-02 | 36 -0.00393 -3.67970e-02
 37 -0.00444 -4.37705e-02 | 38 -0.00489 -4.84931e-02 | 39 -0.00526 -5.16366e-02
 40 -0.00556 -5.41551e-02 | 41 -0.00578 -5.66263e-02 | 42 -0.00591 -5.95584e-02
 43 -0.00593 -6.33763e-02 | 44 -0.00585 -6.83885e-02 | 45 -0.00565 -7.47535e-02
 46 -0.00534 -8.24099e-02 | 47 -0.00492 -9.08735e-02 | 48 -0.00438 -9.89456e-02
 49 -0.00374 -1.04510e-01 | 50 -0.00298 -1.04616e-01 | 51 -0.00211 -9.61276e-02
 52 -0.00115 -7.70289e-02 | 53 -0.00009 -4.72970e-02 | 54  0.00105 -1.04373e-02
 55  0.00222  2.66148e-02 | 56  0.00338  5.52776e-02 | 57  0.00449  6.87671e-02
 58  0.00552  6.56407e-02 | 59  0.00643  5.11164e-02 | 60  0.00721  3.44236e-02
 61  0.00783  2.35917e-02 | 62  0.00824  2.17052e-02 | 63  0.00839  2.75687e-02
 64  0.00825  4.07137e-02 | 65  0.00778  6.47654e-02 | 66  0.00701  1.02190e-01
 67  0.00592  1.42265e-01 | 68  0.00450  1.57554e-01 | 69  0.00278  1.25454e-01
 70  0.00087  5.69626e-02 | 71 -0.00100 -6.86582e-03 | 72 -0.00266 -3.41597e-02
 73 -0.00403 -3.02000e-02 | 74 -0.00509 -2.26050e-02 | 75 -0.00582 -2.97224e-02
 76 -0.00618 -5.03399e-02 | 77 -0.00609 -7.38232e-02 | 78 -0.00546 -9.04109e-02
 79 -0.00413 -9.14018e-02 | 80 -0.00217 -7.30276e-02 | 81 -0.00075 -6.90021e-02
 82  0.00020 -7.37357e-02 | 83  0.00153 -4.26142e-02 | 84  0.00364  1.68673e-03
 85  0.00423  2.14671e-02 | 86  0.00012  4.25697e-02 | 87 -0.00742  1.09433e-01
 88 -0.01925 -1.08489e-01 | 89 -0.02970  2.36475e-01 | 90 -0.03301  1.88402e-02
 91 -0.03027  1.11344e-01 | 92 -0.02486  2.34783e-01 | 93 -0.01663  6.39824e-02
 94  0.00305  3.09288e-02 | 95  0.04462  2.12493e-02 | 96  0.03836 -7.29260e-02
 97  0.02643  2.05506e-01 | 98  0.01513  1.26830e-01 | 99  0.00437  1.42888e-01
100 -0.00893  4.87341e-02 |101 -0.04256 -5.61066e-02 |102 -0.04385 -8.20710e-02
103 -0.01424 -3.72229e-02 |104 -0.00587  3.43612e-02 |105  0.09713 -5.42686e-02
106  0.21354 -2.21269e-02 |107  0.02840  6.49598e-02 |108  0.08871  6.17576e-02
109 -0.07231 -4.72188e-01 |110  0.00355  9.16982e-02 |111 -0.02045  2.41995e-01
112 -0.05036  3.94156e-01 |113 -0.05082 -9.42906e-02 |114 -0.01210 -1.43172e-01
115 -0.01425 -4.34257e-02 |116 -0.02514 -3.62414e-02 |117 -0.03821 -3.06681e-02
118  0.00127  4.24270e-02 |119  0.33417  1.35492e+00 |120 -0.70495  6.96715e-02
121 -0.80113 -4.97630e-02 |122 -0.79083  1.25881e-04 |123 -1.00171 -4.84732e-02
124  0.08055 -7.99035e-01 |125  0.00532  1.14278e+00 |126 -0.26148  9.69077e-01
127 -0.98786  3.56850e-02 |128  0.31503  3.53271e-02 |129  0.96229  3.53484e-03
130  0.13753  4.40134e-01 |131 -0.06392 -2.35403e-01 |132 -0.46038 -3.60950e-02
133 -0.03360 -1.22243e-01 |134 -0.38093  3.28587e-02 |135  0.16623  2.08731e-01
136  0.32888  2.03792e-02 |137  0.01677  1.42568e-01 |138 -0.45667  8.24014e-01
139 -0.51676  9.84694e-01 |140 -0.12194 -3.29236e-01 |141 -0.01613  6.04607e-01
142 -0.23902  1.65705e-02 |143 -0.23989  9.15104e-01 |144 -0.35629  8.03697e-02
145 -0.48838 -9.42408e-03 |146 -0.51305 -6.78360e-02 |147 -0.10660 -4.27414e-02
148 -0.09307  1.80786e-03 |149 -0.01679  1.18565e-01 |150  0.22127  1.10194e-01
151  0.48104  4.75246e-02 |152  0.03505  1.08858e-01 |153  0.65999 -2.14196e-02
154  0.14278 -1.43275e-02 |155  0.07558  1.20350e+00 |156  0.06640 -2.84164e-01
157 -0.11493  2.67961e-01 |158 -0.08078  1.21471e-01 |

 - final statistics:
158 variables; iteration 73; function evaluation 80
Function value 2.1886e+04; maximum gradient component mag 9.0659e-01
Exit code = 1;  converg criter 1.0000e+00
Var    Value     Gradient |Var    Value     Gradient |Var    Value     Gradient
  1 -0.09767  4.70574e-02 |  2 -0.25782  9.72359e-02 |  3  0.01331  1.59490e-01
  4 -0.36774 -1.48469e-01 |  5 -0.03997  2.92826e-02 |  6  0.09931  5.18883e-01
  7  0.00041  1.18548e-02 |  8  0.00044  1.03909e-02 |  9  0.00049  8.72963e-03
 10  0.00053  6.88155e-03 | 11  0.00058  4.86384e-03 | 12  0.00063  2.70184e-03
 13  0.00068  4.25679e-04 | 14  0.00073 -1.93399e-03 | 15  0.00077 -4.34949e-03
 16  0.00082 -6.80260e-03 | 17  0.00085 -9.28961e-03 | 18  0.00088 -1.18256e-02
 19  0.00090 -1.44445e-02 | 20  0.00090 -1.71954e-02 | 21  0.00087 -2.01286e-02
 22  0.00083 -2.32729e-02 | 23  0.00075 -2.66053e-02 | 24  0.00064 -2.99845e-02
 25  0.00050 -3.31394e-02 | 26  0.00030 -3.54597e-02 | 27  0.00006 -3.60743e-02
 28 -0.00023 -3.42897e-02 | 29 -0.00055 -2.94872e-02 | 30 -0.00091 -2.15921e-02
 31 -0.00131 -1.11916e-02 | 32 -0.00175 -1.57721e-04 | 33 -0.00223  8.76944e-03
 34 -0.00274  1.33465e-02 | 35 -0.00329  1.18178e-02 | 36 -0.00384  3.58197e-03
 37 -0.00437 -8.95283e-03 | 38 -0.00484 -2.23056e-02 | 39 -0.00524 -3.38599e-02
 40 -0.00556 -4.27011e-02 | 41 -0.00579 -4.90426e-02 | 42 -0.00592 -5.37723e-02
 43 -0.00595 -5.78637e-02 | 44 -0.00586 -6.16490e-02 | 45 -0.00566 -6.41410e-02
 46 -0.00533 -6.27691e-02 | 47 -0.00486 -5.36887e-02 | 48 -0.00426 -3.31171e-02
 49 -0.00351 -2.13166e-04 | 50 -0.00265  3.97422e-02 | 51 -0.00172  7.40726e-02
 52 -0.00076  8.70756e-02 | 53  0.00019  6.96228e-02 | 54  0.00113  3.00444e-02
 55  0.00211 -4.13068e-03 | 56  0.00321 -2.36470e-03 | 57  0.00441  4.15556e-02
 58  0.00560  9.60362e-02 | 59  0.00661  1.12817e-01 | 60  0.00733  6.91590e-02
 61  0.00776 -1.25831e-02 | 62  0.00799 -8.54778e-02 | 63  0.00806 -1.12497e-01
 64  0.00798 -7.85412e-02 | 65  0.00769  5.13165e-03 | 66  0.00702  7.76323e-02
 67  0.00576  5.43467e-02 | 68  0.00402 -5.07441e-02 | 69  0.00227 -9.28959e-02
 70  0.00074 -1.82174e-02 | 71 -0.00085  3.00239e-02 | 72 -0.00263 -3.84102e-02
 73 -0.00425 -1.27987e-01 | 74 -0.00538 -1.41537e-01 | 75 -0.00600 -9.38611e-02
 76 -0.00618 -3.71798e-02 | 77 -0.00596  4.13752e-03 | 78 -0.00524  3.36433e-02
 79 -0.00384  6.18769e-02 | 80 -0.00192  6.21399e-02 | 81 -0.00054  4.57861e-02
 82  0.00038  2.32722e-02 | 83  0.00143 -5.12044e-02 | 84  0.00331 -8.88615e-02
 85  0.00392 -6.47912e-02 | 86 -0.00008 -2.93335e-02 | 87 -0.00761  1.63911e-02
 88 -0.01891  2.56038e-02 | 89 -0.02999  8.77506e-02 | 90 -0.03270  1.79268e-01
 91 -0.03050  2.83242e-02 | 92 -0.02517  1.08363e-01 | 93 -0.01668  7.01808e-02
 94  0.00301  6.23398e-02 | 95  0.04464  7.61965e-02 | 96  0.03861  2.68341e-02
 97  0.02605  7.19134e-02 | 98  0.01499  3.92772e-03 | 99  0.00437  7.38291e-02
100 -0.00901 -3.87864e-03 |101 -0.04269 -1.31791e-01 |102 -0.04363  2.19369e-02
103 -0.01447 -1.78275e-01 |104 -0.00616 -1.50187e-01 |105  0.09730 -1.18128e-01
106  0.21342 -1.25938e-01 |107  0.02837 -2.54585e-02 |108  0.08882  7.84533e-02
109 -0.07134  1.04235e-01 |110  0.00367  8.86006e-02 |111 -0.02075  2.27629e-04
112 -0.05091 -1.80482e-02 |113 -0.05070 -7.23063e-02 |114 -0.01172  8.84076e-03
115 -0.01440 -1.69829e-01 |116 -0.02507 -4.31985e-02 |117 -0.03794  7.97358e-02
118  0.00141  8.30411e-02 |119  0.33465  9.06594e-01 |120 -0.70600  2.29341e-02
121 -0.79539  1.14870e-02 |122 -0.79106 -1.33432e-03 |123 -0.99981  3.19280e-04
124  0.08043 -1.61215e-01 |125  0.00521  1.56451e-01 |126 -0.26167  1.77536e-01
127 -0.98870  1.09556e-02 |128  0.31515  6.74101e-02 |129  0.96000 -2.94050e-03
130  0.13753  7.25752e-02 |131 -0.06388  1.76795e-02 |132 -0.46101 -2.38687e-02
133 -0.02896  6.50730e-02 |134 -0.39352  7.55798e-03 |135  0.16619  8.30511e-02
136  0.32808 -1.78519e-01 |137  0.01641  2.17858e-02 |138 -0.45523  7.17825e-01
139 -0.52402  7.67217e-01 |140 -0.12078 -3.07710e-01 |141 -0.01309  5.63903e-01
142 -0.24017 -9.44108e-02 |143 -0.24057  6.38429e-01 |144 -0.35630 -1.19347e-02
145 -0.48784  2.05002e-03 |146 -0.50828 -4.49546e-02 |147 -0.10333  1.12327e-01
148 -0.09331  4.79777e-02 |149 -0.01693  6.43312e-02 |150  0.22158  1.26465e-01
151  0.47930  3.70046e-02 |152  0.02647 -9.19908e-03 |153  0.65134  2.57048e-03
154  0.14265 -1.65287e-02 |155  0.07476 -2.34247e-02 |156  0.06626 -9.62843e-02
157 -0.11525  2.78986e-02 |158 -0.08111  5.00304e-02 |

Initial statistics: 159 variables; iteration 0; function evaluation 0; phase 5
Function value 2.1885705e+04; maximum gradient component mag 9.0659e-01
Var    Value     Gradient |Var    Value     Gradient |Var    Value     Gradient
  1 -0.39841 -1.54126e-01 |  2 -0.09767  4.70574e-02 |  3 -0.25782  9.72359e-02
  4  0.01331  1.59490e-01 |  5 -0.36774 -1.48469e-01 |  6 -0.03997  2.92826e-02
  7  0.09931  5.18883e-01 |  8  0.00041  1.18548e-02 |  9  0.00044  1.03909e-02
 10  0.00049  8.72963e-03 | 11  0.00053  6.88155e-03 | 12  0.00058  4.86384e-03
 13  0.00063  2.70184e-03 | 14  0.00068  4.25679e-04 | 15  0.00073 -1.93399e-03
 16  0.00077 -4.34949e-03 | 17  0.00082 -6.80260e-03 | 18  0.00085 -9.28961e-03
 19  0.00088 -1.18256e-02 | 20  0.00090 -1.44445e-02 | 21  0.00090 -1.71954e-02
 22  0.00087 -2.01286e-02 | 23  0.00083 -2.32729e-02 | 24  0.00075 -2.66053e-02
 25  0.00064 -2.99845e-02 | 26  0.00050 -3.31394e-02 | 27  0.00030 -3.54597e-02
 28  0.00006 -3.60743e-02 | 29 -0.00023 -3.42897e-02 | 30 -0.00055 -2.94872e-02
 31 -0.00091 -2.15921e-02 | 32 -0.00131 -1.11916e-02 | 33 -0.00175 -1.57721e-04
 34 -0.00223  8.76944e-03 | 35 -0.00274  1.33465e-02 | 36 -0.00329  1.18178e-02
 37 -0.00384  3.58197e-03 | 38 -0.00437 -8.95283e-03 | 39 -0.00484 -2.23056e-02
 40 -0.00524 -3.38599e-02 | 41 -0.00556 -4.27011e-02 | 42 -0.00579 -4.90426e-02
 43 -0.00592 -5.37723e-02 | 44 -0.00595 -5.78637e-02 | 45 -0.00586 -6.16490e-02
 46 -0.00566 -6.41410e-02 | 47 -0.00533 -6.27691e-02 | 48 -0.00486 -5.36887e-02
 49 -0.00426 -3.31171e-02 | 50 -0.00351 -2.13166e-04 | 51 -0.00265  3.97422e-02
 52 -0.00172  7.40726e-02 | 53 -0.00076  8.70756e-02 | 54  0.00019  6.96228e-02
 55  0.00113  3.00444e-02 | 56  0.00211 -4.13068e-03 | 57  0.00321 -2.36470e-03
 58  0.00441  4.15556e-02 | 59  0.00560  9.60362e-02 | 60  0.00661  1.12817e-01
 61  0.00733  6.91590e-02 | 62  0.00776 -1.25831e-02 | 63  0.00799 -8.54778e-02
 64  0.00806 -1.12497e-01 | 65  0.00798 -7.85412e-02 | 66  0.00769  5.13165e-03
 67  0.00702  7.76323e-02 | 68  0.00576  5.43467e-02 | 69  0.00402 -5.07441e-02
 70  0.00227 -9.28959e-02 | 71  0.00074 -1.82174e-02 | 72 -0.00085  3.00239e-02
 73 -0.00263 -3.84102e-02 | 74 -0.00425 -1.27987e-01 | 75 -0.00538 -1.41537e-01
 76 -0.00600 -9.38611e-02 | 77 -0.00618 -3.71798e-02 | 78 -0.00596  4.13752e-03
 79 -0.00524  3.36433e-02 | 80 -0.00384  6.18769e-02 | 81 -0.00192  6.21399e-02
 82 -0.00054  4.57861e-02 | 83  0.00038  2.32722e-02 | 84  0.00143 -5.12044e-02
 85  0.00331 -8.88615e-02 | 86  0.00392 -6.47912e-02 | 87 -0.00008 -2.93335e-02
 88 -0.00761  8.52260e-03 | 89 -0.01891  1.77382e-02 | 90 -0.02999  7.98903e-02
 91 -0.03270  1.71410e-01 | 92 -0.03050  2.04641e-02 | 93 -0.02517  1.00501e-01
 94 -0.01668  6.23144e-02 | 95  0.00301  5.44708e-02 | 96  0.04464  6.83467e-02
 97  0.03861  1.89795e-02 | 98  0.02605  6.40509e-02 | 99  0.01499 -3.93919e-03
100  0.00437  6.59602e-02 |101 -0.00901 -1.17469e-02 |102 -0.04269 -1.39642e-01
103 -0.04363  1.40862e-02 |104 -0.01447 -1.86142e-01 |105 -0.00616 -1.58056e-01
106  0.09730 -1.25905e-01 |107  0.21342 -1.33369e-01 |108  0.02837 -3.33198e-02
109  0.08882  7.06606e-02 |110 -0.07134  9.64153e-02 |111  0.00367  8.07316e-02
112 -0.02075 -7.63728e-03 |113 -0.05091 -2.58921e-02 |114 -0.05070 -8.01504e-02
115 -0.01172  9.73001e-04 |116 -0.01440 -1.77696e-01 |117 -0.02507 -5.10615e-02
118 -0.03794  7.18807e-02 |119  0.00141  7.51720e-02 |120  0.33465  9.06594e-01
121 -0.70600  2.29341e-02 |122 -0.79539  1.14870e-02 |123 -0.79106 -1.33432e-03
124 -0.99981  3.19280e-04 |125  0.08043 -1.61215e-01 |126  0.00521  1.56451e-01
127 -0.26167  1.77536e-01 |128 -0.98870  1.09556e-02 |129  0.31515  6.74101e-02
130  0.96000 -2.94050e-03 |131  0.13753  7.25752e-02 |132 -0.06388  1.76795e-02
133 -0.46101 -2.38687e-02 |134 -0.02896  6.50730e-02 |135 -0.39352  7.55798e-03
136  0.16619  8.30511e-02 |137  0.32808 -1.78519e-01 |138  0.01641  2.17858e-02
139 -0.45523  7.17825e-01 |140 -0.52402  7.67217e-01 |141 -0.12078 -3.07710e-01
142 -0.01309  5.63903e-01 |143 -0.24017 -9.44108e-02 |144 -0.24057  6.38429e-01
145 -0.35630 -1.19347e-02 |146 -0.48784  2.05002e-03 |147 -0.50828 -4.49546e-02
148 -0.10333  1.12327e-01 |149 -0.09331  4.79777e-02 |150 -0.01693  6.43312e-02
151  0.22158  1.26465e-01 |152  0.47930  3.70046e-02 |153  0.02647 -9.19908e-03
154  0.65134  2.57048e-03 |155  0.14265 -1.65287e-02 |156  0.07476 -2.34247e-02
157  0.06626 -9.62843e-02 |158 -0.11525  2.78986e-02 |159 -0.08111  5.00304e-02

Intermediate statistics: 159 variables; iteration 20; function evaluation 23; phase 5
Function value 2.1885700e+04; maximum gradient component mag -1.0658e+00
Var    Value     Gradient |Var    Value     Gradient |Var    Value     Gradient
  1 -0.39856 -1.32019e-01 |  2 -0.09765 -1.33882e-01 |  3 -0.25780  3.57003e-02
  4  0.01327  5.41489e-02 |  5 -0.36772 -9.97605e-02 |  6 -0.03989  1.15907e-02
  7  0.09912 -1.47661e-01 |  8  0.00039  1.08642e-02 |  9  0.00043  1.05470e-02
 10  0.00047  1.01641e-02 | 11  0.00052  9.72098e-03 | 12  0.00057  9.22566e-03
 13  0.00063  8.68976e-03 | 14  0.00068  8.12702e-03 | 15  0.00073  7.55158e-03
 16  0.00078  6.97639e-03 | 17  0.00083  6.41042e-03 | 18  0.00087  5.85643e-03
 19  0.00091  5.30888e-03 | 20  0.00093  4.75374e-03 | 21  0.00093  4.17046e-03
 22  0.00091  3.53774e-03 | 23  0.00087  2.84432e-03 | 24  0.00080  2.10338e-03
 25  0.00070  1.37688e-03 | 26  0.00056  7.90378e-04 | 27  0.00037  6.11421e-04
 28  0.00013  1.20212e-03 | 29 -0.00015  2.81487e-03 | 30 -0.00048  5.63726e-03
 31 -0.00085  9.59671e-03 | 32 -0.00127  1.43371e-02 | 33 -0.00172  1.90179e-02
 34 -0.00221  2.25677e-02 | 35 -0.00273  2.42321e-02 | 36 -0.00328  2.35471e-02
 37 -0.00382  2.05633e-02 | 38 -0.00432  1.62866e-02 | 39 -0.00477  1.18820e-02
 40 -0.00515  8.09415e-03 | 41 -0.00546  5.08076e-03 | 42 -0.00568  2.64966e-03
 43 -0.00580  4.55154e-04 | 44 -0.00582 -1.83983e-03 | 45 -0.00573 -4.37972e-03
 46 -0.00553 -6.90546e-03 | 47 -0.00520 -8.64290e-03 | 48 -0.00475 -8.28996e-03
 49 -0.00419 -4.29707e-03 | 50 -0.00350  4.26253e-03 | 51 -0.00271  1.63617e-02
 52 -0.00183  2.79165e-02 | 53 -0.00089  3.25554e-02 | 54  0.00008  2.50981e-02
 55  0.00108  7.06158e-03 | 56  0.00211 -1.02143e-02 | 57  0.00321 -1.09253e-02
 58  0.00435  1.12099e-02 | 59  0.00548  4.19793e-02 | 60  0.00647  5.39295e-02
 61  0.00725  3.04957e-02 | 62  0.00777 -1.78269e-02 | 63  0.00808 -6.22190e-02
 64  0.00818 -7.77133e-02 | 65  0.00808 -5.38818e-02 | 66  0.00771  5.21125e-04
 67  0.00696  4.49765e-02 | 68  0.00573  3.03627e-02 | 69  0.00412 -2.72989e-02
 70  0.00243 -4.75150e-02 | 71  0.00080 -1.39538e-02 | 72 -0.00087  7.21604e-04
 73 -0.00255 -3.28154e-02 | 74 -0.00403 -7.07139e-02 | 75 -0.00515 -8.32112e-02
 76 -0.00587 -8.08327e-02 | 77 -0.00617 -8.00039e-02 | 78 -0.00604 -8.60444e-02
 79 -0.00538 -9.65411e-02 | 80 -0.00403 -1.06992e-01 | 81 -0.00209 -1.25288e-01
 82 -0.00065 -1.47557e-01 | 83  0.00034 -1.68069e-01 | 84  0.00151 -2.11367e-01
 85  0.00337 -2.42305e-01 | 86  0.00392 -2.38845e-01 | 87 -0.00005 -2.18676e-01
 88 -0.00758 -2.31085e-02 | 89 -0.01888 -8.71503e-04 | 90 -0.03011  1.58598e-02
 91 -0.03309  2.13375e-02 | 92 -0.03054  1.09741e-01 | 93 -0.02535  1.57522e-01
 94 -0.01669  2.22866e-01 | 95  0.00306  3.45521e-01 | 96  0.04487  5.19484e-01
 97  0.03882  4.82896e-01 | 98  0.02607  5.00059e-01 | 99  0.01513  3.71296e-01
100  0.00434  2.86558e-01 |101 -0.00907  2.52586e-01 |102 -0.04242  2.21586e-01
103 -0.04381  8.82921e-02 |104 -0.01428  1.68286e-01 |105 -0.00608  1.36235e-01
106  0.09745  8.18591e-02 |107  0.21329  1.39065e-01 |108  0.02844  1.97084e-01
109  0.08862  5.73602e-02 |110 -0.07156  1.49405e-01 |111  0.00361  2.52485e-01
112 -0.02072  2.06923e-01 |113 -0.05089  1.74834e-01 |114 -0.05055  1.94647e-01
115 -0.01175  1.78250e-01 |116 -0.01399  2.25436e-01 |117 -0.02497  1.75202e-01
118 -0.03814  1.53353e-01 |119  0.00127  2.00697e-01 |120  0.33587  4.85251e-01
121 -0.70687 -8.78736e-03 |122 -0.79600  4.37970e-03 |123 -0.79098 -9.14172e-04
124 -0.99982 -1.56213e-04 |125  0.08045 -1.16242e-01 |126  0.00523  3.47777e-01
127 -0.26148  8.67219e-01 |128 -0.98907  2.58504e-05 |129  0.31510  8.95115e-02
130  0.96013 -2.78754e-03 |131  0.13746  2.14377e-01 |132 -0.06401 -2.39010e-01
133 -0.46064 -4.00506e-02 |134 -0.02994 -1.90099e-02 |135 -0.39331 -6.88252e-03
136  0.16600 -1.06580e+00 |137  0.32792 -6.25425e-01 |138  0.01640  9.55633e-01
139 -0.45310  7.02900e-01 |140 -0.54137  3.08325e-01 |141 -0.11996 -6.79239e-01
142 -0.00663  3.40826e-01 |143 -0.24048 -1.08437e-01 |144 -0.24184  1.82827e-01
145 -0.35630  1.07776e-03 |146 -0.48787  4.28653e-04 |147 -0.50904  1.38755e-02
148 -0.10408 -1.39073e-02 |149 -0.09391 -4.42580e-01 |150 -0.01720  5.43892e-01
151  0.22184  9.70253e-02 |152  0.47906  4.19829e-02 |153  0.02701 -1.03802e-02
154  0.65119  9.47416e-03 |155  0.14280  5.64960e-01 |156  0.07448 -4.06386e-01
157  0.06619 -6.93083e-01 |158 -0.11525  3.36661e-01 |159 -0.08172  4.08763e-01
159 variables; iteration 40; function evaluation 45; phase 5
Function value 2.1885698e+04; maximum gradient component mag 5.2121e-01
Var    Value     Gradient |Var    Value     Gradient |Var    Value     Gradient
  1 -0.39836 -1.84871e-01 |  2 -0.09758  2.07993e-02 |  3 -0.25778  1.04769e-02
  4  0.01322 -1.29998e-02 |  5 -0.36740  4.31619e-02 |  6 -0.04050 -3.13245e-02
  7  0.09934  5.21211e-01 |  8  0.00038 -2.73726e-04 |  9  0.00042 -4.84624e-04
 10  0.00047 -7.15365e-04 | 11  0.00052 -9.63836e-04 | 12  0.00057 -1.22712e-03
 13  0.00062 -1.50129e-03 | 14  0.00068 -1.78184e-03 | 15  0.00073 -2.06444e-03
 16  0.00078 -2.34522e-03 | 17  0.00083 -2.62166e-03 | 18  0.00088 -2.89327e-03
 19  0.00091 -3.16201e-03 | 20  0.00093 -3.43234e-03 | 21  0.00094 -3.71072e-03
 22  0.00092 -4.00415e-03 | 23  0.00088 -4.31738e-03 | 24  0.00081 -4.64958e-03
 25  0.00071 -4.98535e-03 | 26  0.00057 -5.29342e-03 | 27  0.00038 -5.49419e-03
 28  0.00014 -5.47083e-03 | 29 -0.00015 -5.12352e-03 | 30 -0.00048 -4.35038e-03
 31 -0.00086 -3.11556e-03 | 32 -0.00129 -1.47310e-03 | 33 -0.00175  3.30342e-04
 34 -0.00224  1.89642e-03 | 35 -0.00276  2.87328e-03 | 36 -0.00331  2.96203e-03
 37 -0.00385  2.01925e-03 | 38 -0.00434  3.68861e-04 | 39 -0.00479 -1.47662e-03
 40 -0.00516 -3.13463e-03 | 41 -0.00546 -4.46769e-03 | 42 -0.00568 -5.51011e-03
 43 -0.00580 -6.40475e-03 | 44 -0.00582 -7.30004e-03 | 45 -0.00573 -8.24019e-03
 46 -0.00552 -9.06005e-03 | 47 -0.00519 -9.34375e-03 | 48 -0.00474 -8.47240e-03
 49 -0.00418 -5.83980e-03 | 50 -0.00351 -1.32143e-03 | 51 -0.00273  4.22931e-03
 52 -0.00187  8.85970e-03 | 53 -0.00094  1.03568e-02 | 54  0.00004  7.82224e-03
 55  0.00107  2.99690e-03 | 56  0.00214 -2.95927e-04 | 57  0.00323  9.07450e-04
 58  0.00433  5.75312e-03 | 59  0.00538  1.01390e-02 | 60  0.00634  1.08899e-02
 61  0.00717  8.77299e-03 | 62  0.00782  6.70214e-03 | 63  0.00824  6.21706e-03
 64  0.00838  6.83655e-03 | 65  0.00821  8.11181e-03 | 66  0.00769  1.09755e-02
 67  0.00682  1.56052e-02 | 68  0.00562  1.70883e-02 | 69  0.00414  1.10907e-02
 70  0.00249  7.77648e-03 | 71  0.00078  1.75605e-02 | 72 -0.00092  2.58935e-02
 73 -0.00255  1.77454e-02 | 74 -0.00399  4.98764e-03 | 75 -0.00510  2.64544e-03
 76 -0.00583  8.88389e-03 | 77 -0.00615  1.60576e-02 | 78 -0.00602  2.11277e-02
 79 -0.00536  2.53633e-02 | 80 -0.00400  3.08521e-02 | 81 -0.00205  3.36192e-02
 82 -0.00059  3.53000e-02 | 83  0.00042  3.72526e-02 | 84  0.00164  3.42136e-02
 85  0.00351  3.70015e-02 | 86  0.00403  4.76934e-02 | 87  0.00008  6.05279e-02
 88 -0.00744  5.70896e-02 | 89 -0.01873  5.77789e-02 | 90 -0.02997  3.29254e-02
 91 -0.03296  8.63589e-03 | 92 -0.03051  2.16985e-02 | 93 -0.02530 -1.62093e-03
 94 -0.01662  1.80360e-03 | 95  0.00301  4.05304e-03 | 96  0.04476  6.17660e-03
 97  0.03888  3.62055e-02 | 98  0.02573  1.28011e-02 | 99  0.01520  2.31540e-02
100  0.00440  1.14353e-02 |101 -0.00918 -1.98297e-02 |102 -0.04250 -6.25682e-02
103 -0.04361 -1.70472e-02 |104 -0.01443 -7.44733e-02 |105 -0.00614 -1.07753e-01
106  0.09740 -1.29027e-01 |107  0.21333 -1.94572e-02 |108  0.02839 -1.97553e-02
109  0.08875 -2.17389e-02 |110 -0.07152 -1.01020e-02 |111  0.00338 -1.31780e-01
112 -0.02080 -5.70807e-02 |113 -0.05081  5.01552e-02 |114 -0.05067 -4.76889e-02
115 -0.01176 -1.98160e-02 |116 -0.01411 -3.97105e-02 |117 -0.02496 -2.38015e-03
118 -0.03812 -2.73990e-02 |119  0.00120 -6.60950e-03 |120  0.33618  4.91954e-01
121 -0.70778 -5.25405e-02 |122 -0.79706 -6.52631e-03 |123 -0.79051  2.24628e-03
124 -0.99982 -1.86822e-04 |125  0.08037 -8.60040e-03 |126  0.00518 -2.02925e-02
127 -0.26171 -4.04721e-02 |128 -0.98922 -7.22695e-03 |129  0.31506 -2.70500e-02
130  0.96182  2.84272e-03 |131  0.13732 -9.76507e-02 |132 -0.06411 -5.95075e-02
133 -0.46046  6.56498e-03 |134 -0.03024  2.53753e-02 |135 -0.38978  1.66973e-02
136  0.16619  9.61271e-02 |137  0.32864  4.25421e-02 |138  0.01666 -7.37857e-02
139 -0.45045  2.70635e-01 |140 -0.55074  1.84000e-01 |141 -0.11727 -7.27528e-02
142 -0.00454  2.72286e-01 |143 -0.24101  1.20219e-02 |144 -0.24200  3.29357e-01
145 -0.35638  1.96149e-03 |146 -0.48854  3.03318e-04 |147 -0.50875  1.96296e-02
148 -0.10389 -1.20195e-02 |149 -0.09337  7.82230e-02 |150 -0.01704  7.91255e-03
151  0.22136  8.38811e-02 |152  0.47827 -7.51773e-02 |153  0.02718  9.74815e-04
154  0.64827  1.12752e-03 |155  0.14268 -6.07453e-03 |156  0.07461 -7.77438e-03
157  0.06626  4.13670e-02 |158 -0.11528 -2.82268e-02 |159 -0.08217 -1.35097e-02
159 variables; iteration 60; function evaluation 66; phase 5
Function value 2.1885698e+04; maximum gradient component mag 2.5597e-01
Var    Value     Gradient |Var    Value     Gradient |Var    Value     Gradient
  1 -0.39841 -8.99026e-02 |  2 -0.09765  4.08981e-03 |  3 -0.25785 -1.17900e-02
  4  0.01332  1.51754e-02 |  5 -0.36764  4.89917e-04 |  6 -0.04015  4.69561e-03
  7  0.09924  2.55975e-01 |  8  0.00037 -3.00272e-03 |  9  0.00042 -2.81475e-03
 10  0.00046 -2.59749e-03 | 11  0.00051 -2.35243e-03 | 12  0.00057 -2.08190e-03
 13  0.00062 -1.78927e-03 | 14  0.00068 -1.47843e-03 | 15  0.00073 -1.15324e-03
 16  0.00079 -8.16957e-04 | 17  0.00084 -4.71476e-04 | 18  0.00088 -1.16888e-04
 19  0.00092  2.48994e-04 | 20  0.00094  6.30529e-04 | 21  0.00095  1.03365e-03
 22  0.00094  1.46459e-03 | 23  0.00090  1.92725e-03 | 24  0.00083  2.41947e-03
 25  0.00073  2.92526e-03 | 26  0.00059  3.40839e-03 | 27  0.00041  3.78479e-03
 28  0.00017  3.91598e-03 | 29 -0.00012  3.67008e-03 | 30 -0.00046  2.93578e-03
 31 -0.00085  1.72020e-03 | 32 -0.00128  2.02911e-04 | 33 -0.00175 -1.18317e-03
 34 -0.00225 -1.91229e-03 | 35 -0.00277 -1.68079e-03 | 36 -0.00332 -5.20654e-04
 37 -0.00384  1.07812e-03 | 38 -0.00433  2.41317e-03 | 39 -0.00477  3.12240e-03
 40 -0.00514  3.25758e-03 | 41 -0.00544  3.04786e-03 | 42 -0.00565  2.67556e-03
 43 -0.00578  2.23474e-03 | 44 -0.00579  1.77590e-03 | 45 -0.00570  1.41432e-03
 46 -0.00548  1.38900e-03 | 47 -0.00515  1.94705e-03 | 48 -0.00470  3.03043e-03
 49 -0.00414  3.90526e-03 | 50 -0.00348  3.19869e-03 | 51 -0.00273 -4.42046e-05
 52 -0.00189 -4.63531e-03 | 53 -0.00097 -6.97979e-03 | 54  0.00002 -4.27600e-03
 55  0.00108  1.18198e-03 | 56  0.00216  3.42303e-03 | 57  0.00325  1.36594e-03
 58  0.00434  1.76368e-03 | 59  0.00540  7.64863e-03 | 60  0.00636  1.05911e-02
 61  0.00718  4.19869e-03 | 62  0.00781 -4.63677e-03 | 63  0.00822 -7.75712e-03
 64  0.00837 -6.97751e-03 | 65  0.00819 -5.16438e-03 | 66  0.00769  2.64936e-03
 67  0.00684  1.54821e-02 | 68  0.00564  1.52993e-02 | 69  0.00415  7.34368e-03
 70  0.00252  1.14137e-02 | 71  0.00077  6.69022e-03 | 72 -0.00097  8.32646e-04
 73 -0.00255  1.37647e-02 | 74 -0.00394  2.28138e-02 | 75 -0.00505  2.30773e-02
 76 -0.00579  2.64806e-02 | 77 -0.00612  3.24665e-02 | 78 -0.00599  3.61223e-02
 79 -0.00534  3.65351e-02 | 80 -0.00399  3.38160e-02 | 81 -0.00205  2.98977e-02
 82 -0.00058  2.78177e-02 | 83  0.00043  2.54455e-02 | 84  0.00168  3.00821e-02
 85  0.00352  2.95686e-02 | 86  0.00400  3.02387e-02 | 87  0.00000  2.63674e-02
 88 -0.00751  1.69186e-02 | 89 -0.01878  2.28562e-02 | 90 -0.03001  1.68121e-03
 91 -0.03292  2.45207e-02 | 92 -0.03053  9.06547e-03 | 93 -0.02529  1.69094e-03
 94 -0.01664 -1.75930e-02 | 95  0.00294 -4.14782e-02 | 96  0.04480 -3.43001e-02
 97  0.03873 -6.16288e-02 | 98  0.02571 -3.74041e-02 | 99  0.01523 -9.37695e-03
100  0.00439 -2.49716e-02 |101 -0.00919 -3.25804e-02 |102 -0.04250 -6.28685e-02
103 -0.04363 -2.31588e-02 |104 -0.01438 -3.15253e-02 |105 -0.00602 -2.06707e-02
106  0.09763 -3.91507e-02 |107  0.21320 -5.67697e-02 |108  0.02841 -3.78803e-02
109  0.08877 -2.20672e-02 |110 -0.07156 -4.54428e-02 |111  0.00352 -3.75855e-02
112 -0.02081 -6.44865e-02 |113 -0.05095 -6.38018e-02 |114 -0.05057 -1.50181e-02
115 -0.01173 -1.94274e-02 |116 -0.01408 -2.48668e-02 |117 -0.02502 -4.82139e-02
118 -0.03810 -2.16517e-02 |119  0.00118 -2.89703e-02 |120  0.33636  2.02705e-01
121 -0.70648  1.01000e-02 |122 -0.79667 -2.70230e-03 |123 -0.79112 -1.73385e-03
124 -0.99981 -8.74933e-05 |125  0.08048  8.94293e-03 |126  0.00522 -4.45890e-02
127 -0.26176 -1.18707e-01 |128 -0.98950 -1.63474e-02 |129  0.31505 -2.39868e-02
130  0.96015 -1.60276e-03 |131  0.13748 -2.62830e-02 |132 -0.06395  3.38588e-02
133 -0.46075  8.80639e-03 |134 -0.02959 -9.94766e-03 |135 -0.39467 -1.47358e-02
136  0.16619  1.47067e-01 |137  0.32877  7.58458e-02 |138  0.01668 -1.34474e-01
139 -0.45020  4.99648e-02 |140 -0.55420  6.81273e-02 |141 -0.11703  9.60004e-03
142 -0.00356  1.00114e-01 |143 -0.24110  3.19556e-02 |144 -0.24212  1.72561e-01
145 -0.35647  2.27648e-03 |146 -0.48929  2.40357e-04 |147 -0.50880  6.84713e-03
148 -0.10389  7.36175e-03 |149 -0.09359  7.38872e-02 |150 -0.01725 -4.91675e-02
151  0.22107  1.07297e-02 |152  0.47891 -2.37146e-03 |153  0.02719 -4.96746e-04
154  0.64830 -4.18492e-04 |155  0.14267 -6.42361e-03 |156  0.07470  2.65330e-02
157  0.06636  1.14522e-01 |158 -0.11511 -3.43277e-03 |159 -0.08223 -3.40907e-02
159 variables; iteration 80; function evaluation 99; phase 5
Function value 2.1885698e+04; maximum gradient component mag 2.0819e-02
Var    Value     Gradient |Var    Value     Gradient |Var    Value     Gradient
  1 -0.39841 -5.27296e-03 |  2 -0.09764  1.65666e-03 |  3 -0.25783 -5.64130e-04
  4  0.01329  6.33025e-05 |  5 -0.36762  1.58480e-03 |  6 -0.04017 -1.16950e-04
  7  0.09925  2.08195e-02 |  8  0.00038  3.09611e-04 |  9  0.00042  3.25596e-04
 10  0.00047  3.42500e-04 | 11  0.00052  3.60286e-04 | 12  0.00057  3.78817e-04
 13  0.00063  3.97834e-04 | 14  0.00068  4.16933e-04 | 15  0.00074  4.35551e-04
 16  0.00079  4.52978e-04 | 17  0.00084  4.68430e-04 | 18  0.00088  4.81161e-04
 19  0.00092  4.90589e-04 | 20  0.00094  4.96368e-04 | 21  0.00095  4.98380e-04
 22  0.00093  4.96502e-04 | 23  0.00089  4.90241e-04 | 24  0.00083  4.78530e-04
 25  0.00073  4.59073e-04 | 26  0.00059  4.30766e-04 | 27  0.00040  3.94271e-04
 28  0.00016  3.61205e-04 | 29 -0.00013  3.53536e-04 | 30 -0.00047  3.87625e-04
 31 -0.00085  4.49616e-04 | 32 -0.00128  4.72487e-04 | 33 -0.00175  3.49149e-04
 34 -0.00224  1.99505e-05 | 35 -0.00277 -4.45426e-04 | 36 -0.00332 -8.44065e-04
 37 -0.00385 -9.63126e-04 | 38 -0.00434 -8.30446e-04 | 39 -0.00478 -6.50330e-04
 40 -0.00515 -5.82018e-04 | 41 -0.00545 -6.52083e-04 | 42 -0.00566 -8.10957e-04
 43 -0.00578 -9.83355e-04 | 44 -0.00580 -1.09625e-03 | 45 -0.00570 -1.07733e-03
 46 -0.00549 -8.73650e-04 | 47 -0.00516 -5.18475e-04 | 48 -0.00471 -2.20149e-04
 49 -0.00416 -3.04799e-04 | 50 -0.00349 -8.27150e-04 | 51 -0.00273 -1.18372e-03
 52 -0.00188 -6.77140e-04 | 53 -0.00096  2.29585e-04 | 54  0.00003  5.16599e-04
 55  0.00108  8.44340e-04 | 56  0.00216  2.14813e-03 | 57  0.00325  2.44607e-03
 58  0.00434  1.01985e-03 | 59  0.00538  9.03406e-04 | 60  0.00634  1.35966e-03
 61  0.00717 -2.33443e-05 | 62  0.00782 -3.48398e-04 | 63  0.00825  1.78399e-03
 64  0.00840  2.87643e-03 | 65  0.00822  7.78068e-04 | 66  0.00768 -1.44175e-03
 67  0.00681 -2.54799e-05 | 68  0.00561 -1.41237e-04 | 69  0.00415  1.57452e-04
 70  0.00251  1.04266e-03 | 71  0.00077 -1.51170e-03 | 72 -0.00096 -1.98599e-03
 73 -0.00257 -3.46960e-03 | 74 -0.00397 -1.54914e-03 | 75 -0.00508 -1.18824e-03
 76 -0.00583 -1.73484e-03 | 77 -0.00616 -1.09154e-03 | 78 -0.00604 -8.91121e-06
 79 -0.00538  7.41934e-04 | 80 -0.00403  6.62721e-04 | 81 -0.00206  1.65249e-03
 82 -0.00057  2.70807e-03 | 83  0.00045  3.03261e-03 | 84  0.00168  3.39797e-03
 85  0.00353  4.17484e-03 | 86  0.00400  3.34162e-03 | 87  0.00002  1.79090e-03
 88 -0.00753 -3.52507e-03 | 89 -0.01882 -2.59520e-03 | 90 -0.03001 -3.70280e-04
 91 -0.03298 -2.83230e-03 | 92 -0.03058  1.83364e-03 | 93 -0.02533 -3.29851e-03
 94 -0.01665 -7.39668e-04 | 95  0.00297 -7.52759e-04 | 96  0.04477 -5.49920e-03
 97  0.03878 -6.57814e-03 | 98  0.02569 -2.15064e-03 | 99  0.01517 -5.06831e-03
100  0.00439 -3.85883e-03 |101 -0.00922 -8.07038e-03 |102 -0.04243  2.65057e-03
103 -0.04363  1.17214e-03 |104 -0.01439 -1.60616e-03 |105 -0.00604 -4.85719e-03
106  0.09766 -6.29693e-04 |107  0.21319 -4.02702e-03 |108  0.02843 -2.89595e-03
109  0.08877 -5.10553e-04 |110 -0.07152  1.47370e-03 |111  0.00355  1.87840e-03
112 -0.02074  3.77144e-03 |113 -0.05089 -2.24075e-03 |114 -0.05060 -6.01964e-03
115 -0.01177 -1.31305e-02 |116 -0.01408 -1.56472e-03 |117 -0.02497  3.25277e-03
118 -0.03809  4.65723e-03 |119  0.00118 -5.32386e-03 |120  0.33652  1.84150e-02
121 -0.70668  1.77317e-03 |122 -0.79644 -2.00517e-04 |123 -0.79073  7.68253e-04
124 -1.00036 -7.50569e-03 |125  0.08048  4.81219e-03 |126  0.00522 -6.14044e-04
127 -0.26174 -1.31093e-02 |128 -0.98895  1.97625e-03 |129  0.31507  1.03702e-03
130  0.96024 -1.63338e-03 |131  0.13746  4.74854e-05 |132 -0.06397  4.71886e-03
133 -0.46069 -2.48118e-03 |134 -0.03003 -2.11754e-03 |135 -0.39209  2.77117e-04
136  0.16618  1.13042e-02 |137  0.32866  2.91563e-03 |138  0.01665 -1.22909e-02
139 -0.44965  3.76170e-03 |140 -0.55745  6.54575e-03 |141 -0.11663 -8.70391e-05
142 -0.00273  7.56869e-03 |143 -0.24144 -1.93919e-04 |144 -0.24241  6.06684e-03
145 -0.35667 -5.08620e-03 |146 -0.49087  1.09129e-03 |147 -0.50918  3.87425e-04
148 -0.10414  3.19784e-04 |149 -0.09382  2.99296e-03 |150 -0.01742 -7.48892e-03
151  0.22108 -3.09272e-03 |152  0.47897  2.48481e-03 |153  0.02721  1.20277e-04
154  0.64858 -1.61069e-04 |155  0.14267 -2.60785e-04 |156  0.07470  3.29530e-03
157  0.06627  5.95377e-03 |158 -0.11525 -7.63478e-03 |159 -0.08233 -4.71131e-03
159 variables; iteration 100; function evaluation 134; phase 5
Function value 2.1885698e+04; maximum gradient component mag 4.2638e-03
Var    Value     Gradient |Var    Value     Gradient |Var    Value     Gradient
  1 -0.39841 -5.31800e-04 |  2 -0.09764  1.60689e-04 |  3 -0.25783  2.85402e-04
  4  0.01329 -5.04356e-04 |  5 -0.36762  1.62798e-04 |  6 -0.04017  2.31241e-04
  7  0.09925 -8.11741e-04 |  8  0.00038  1.73000e-04 |  9  0.00042  1.55006e-04
 10  0.00047  1.36022e-04 | 11  0.00052  1.16523e-04 | 12  0.00057  9.69328e-05
 13  0.00063  7.74934e-05 | 14  0.00068  5.81416e-05 | 15  0.00074  3.84387e-05
 16  0.00079  1.75659e-05 | 17  0.00084 -5.53491e-06 | 18  0.00088 -3.19591e-05
 19  0.00092 -6.25829e-05 | 20  0.00094 -9.79153e-05 | 21  0.00094 -1.38214e-04
 22  0.00093 -1.83870e-04 | 23  0.00089 -2.36081e-04 | 24  0.00082 -2.97354e-04
 25  0.00072 -3.71985e-04 | 26  0.00058 -4.60494e-04 | 27  0.00040 -5.52745e-04
 28  0.00015 -5.99250e-04 | 29 -0.00013 -5.20073e-04 | 30 -0.00047 -2.71148e-04
 31 -0.00085  5.16747e-05 | 32 -0.00128  1.86623e-04 | 33 -0.00175 -9.53843e-05
 34 -0.00225 -6.49457e-04 | 35 -0.00277 -1.02827e-03 | 36 -0.00332 -9.76020e-04
 37 -0.00385 -7.52484e-04 | 38 -0.00434 -7.15479e-04 | 39 -0.00478 -8.46831e-04
 40 -0.00515 -9.30864e-04 | 41 -0.00545 -8.37650e-04 | 42 -0.00566 -5.62952e-04
 43 -0.00578 -1.95150e-04 | 44 -0.00580  1.34533e-04 | 45 -0.00570  2.87070e-04
 46 -0.00549  1.89752e-04 | 47 -0.00516 -4.93731e-05 | 48 -0.00471 -1.21497e-04
 49 -0.00415  1.74019e-04 | 50 -0.00349  3.65780e-04 | 51 -0.00273 -2.62262e-04
 52 -0.00188 -5.48899e-04 | 53 -0.00096  7.00546e-04 | 54  0.00003  4.50678e-04
 55  0.00108 -1.75205e-04 | 56  0.00216  2.71816e-04 | 57  0.00325 -1.46799e-03
 58  0.00433 -2.48351e-04 | 59  0.00537 -3.16831e-04 | 60  0.00633 -5.11518e-04
 61  0.00717  5.89357e-04 | 62  0.00783  5.63450e-04 | 63  0.00825 -3.08601e-04
 64  0.00839  8.43789e-04 | 65  0.00821 -4.30590e-04 | 66  0.00769  9.88525e-04
 67  0.00681 -2.03765e-04 | 68  0.00561 -5.06624e-04 | 69  0.00415 -7.87042e-04
 70  0.00251  1.78948e-04 | 71  0.00077 -3.25818e-04 | 72 -0.00095  7.69905e-04
 73 -0.00256 -2.63289e-04 | 74 -0.00397  6.05376e-04 | 75 -0.00508 -1.17871e-04
 76 -0.00582  5.21396e-04 | 77 -0.00616 -2.79653e-04 | 78 -0.00604 -1.31682e-03
 79 -0.00538 -1.14432e-03 | 80 -0.00402 -3.11593e-04 | 81 -0.00207 -1.09502e-03
 82 -0.00058 -6.95560e-04 | 83  0.00045 -1.19594e-03 | 84  0.00168 -1.05543e-03
 85  0.00352 -4.99817e-04 | 86  0.00399  4.24492e-04 | 87  0.00003  9.00759e-05
 88 -0.00752  1.57962e-03 | 89 -0.01881  2.47774e-04 | 90 -0.03001 -2.41710e-03
 91 -0.03298 -9.34894e-04 | 92 -0.03058 -2.24215e-05 | 93 -0.02532  9.18056e-04
 94 -0.01665 -2.41698e-03 | 95  0.00297  2.10343e-03 | 96  0.04478  1.17541e-03
 97  0.03879  1.36605e-03 | 98  0.02568  3.91420e-04 | 99  0.01518 -2.29490e-04
100  0.00439  1.08026e-03 |101 -0.00921  2.78520e-04 |102 -0.04244  7.23918e-04
103 -0.04363  5.74101e-04 |104 -0.01440  5.71156e-04 |105 -0.00604  2.32029e-04
106  0.09767 -3.36311e-04 |107  0.21319  1.06882e-03 |108  0.02843  4.20694e-04
109  0.08877  2.19783e-04 |110 -0.07153  1.25101e-03 |111  0.00354  2.50194e-04
112 -0.02075 -1.15868e-05 |113 -0.05089  1.34976e-04 |114 -0.05059 -6.15120e-04
115 -0.01174  3.32802e-03 |116 -0.01408 -2.81689e-04 |117 -0.02498 -1.34273e-04
118 -0.03810  3.05456e-03 |119  0.00119  1.79214e-03 |120  0.33654  1.03948e-03
121 -0.70673 -3.38850e-04 |122 -0.79643 -1.72847e-04 |123 -0.79088 -1.84961e-04
124 -1.00013  4.26376e-03 |125  0.08046 -1.51028e-03 |126  0.00521 -3.72099e-04
127 -0.26173  2.64893e-03 |128 -0.98901 -4.67020e-05 |129  0.31508  1.91530e-05
130  0.96091  1.46488e-04 |131  0.13746  3.07598e-04 |132 -0.06397 -8.00157e-04
133 -0.46068 -5.40103e-04 |134 -0.02998 -5.74742e-05 |135 -0.39223 -5.07578e-05
136  0.16617 -2.55063e-03 |137  0.32867 -1.10224e-03 |138  0.01665  2.53828e-03
139 -0.44955  1.83654e-03 |140 -0.55797 -3.75820e-04 |141 -0.11656 -1.47888e-03
142 -0.00260  1.05338e-03 |143 -0.24146 -1.04368e-04 |144 -0.24241  1.01521e-03
145 -0.35742 -3.43645e-03 |146 -0.49717  6.79189e-04 |147 -0.50921  1.10856e-04
148 -0.10417 -5.37954e-04 |149 -0.09380 -1.02360e-03 |150 -0.01740  1.01679e-03
151  0.22109 -2.09432e-04 |152  0.47894 -7.86982e-05 |153  0.02720  3.58276e-05
154  0.64859  2.80685e-05 |155  0.14267  2.47414e-05 |156  0.07469 -6.73335e-04
157  0.06628 -1.80613e-03 |158 -0.11524  6.76417e-04 |159 -0.08234  1.21304e-03
159 variables; iteration 120; function evaluation 168; phase 5
Function value 2.1885698e+04; maximum gradient component mag -1.5538e-03
Var    Value     Gradient |Var    Value     Gradient |Var    Value     Gradient
  1 -0.39841  4.43056e-04 |  2 -0.09764  1.61497e-04 |  3 -0.25783  2.59918e-05
  4  0.01329 -1.17529e-04 |  5 -0.36762  2.51162e-04 |  6 -0.04017 -2.29913e-05
  7  0.09925 -6.56024e-04 |  8  0.00038 -1.13528e-04 |  9  0.00042 -1.17775e-04
 10  0.00047 -1.22521e-04 | 11  0.00052 -1.26434e-04 | 12  0.00057 -1.27692e-04
 13  0.00063 -1.24303e-04 | 14  0.00068 -1.14690e-04 | 15  0.00074 -9.83501e-05
 16  0.00079 -7.63374e-05 | 17  0.00084 -5.12132e-05 | 18  0.00088 -2.64031e-05
 19  0.00092 -5.09901e-06 | 20  0.00094  1.06585e-05 | 21  0.00095  2.00880e-05
 22  0.00093  2.29186e-05 | 23  0.00089  1.81840e-05 | 24  0.00083  4.79958e-06
 25  0.00072 -1.27511e-05 | 26  0.00059 -4.71565e-06 | 27  0.00040  9.63943e-05
 28  0.00016  3.14904e-04 | 29 -0.00013  3.98781e-04 | 30 -0.00047  9.46790e-05
 31 -0.00085  7.82918e-06 | 32 -0.00128  6.13924e-04 | 33 -0.00175  1.79720e-04
 34 -0.00225 -4.44689e-04 | 35 -0.00277  1.24325e-03 | 36 -0.00331  3.52301e-04
 37 -0.00385 -7.85639e-04 | 38 -0.00434  3.56869e-04 | 39 -0.00478  6.43966e-04
 40 -0.00515  3.06213e-04 | 41 -0.00545 -5.65968e-04 | 42 -0.00566 -2.47435e-04
 43 -0.00578  3.02218e-05 | 44 -0.00580 -1.27745e-04 | 45 -0.00570 -1.08482e-05
 46 -0.00549 -5.44033e-04 | 47 -0.00516 -2.44481e-04 | 48 -0.00471  2.53936e-04
 49 -0.00415  5.23649e-04 | 50 -0.00350 -1.55377e-03 | 51 -0.00273  1.28903e-03
 52 -0.00188 -2.33233e-05 | 53 -0.00095  1.09424e-03 | 54  0.00003  6.81941e-04
 55  0.00107 -5.92433e-04 | 56  0.00215 -8.98523e-04 | 57  0.00325  1.21226e-03
 58  0.00434  1.12692e-03 | 59  0.00538  4.35486e-04 | 60  0.00633 -5.88477e-04
 61  0.00717 -9.93829e-04 | 62  0.00783  2.69639e-04 | 63  0.00825 -5.61862e-04
 64  0.00839  1.40323e-04 | 65  0.00822  3.69413e-04 | 66  0.00769 -1.80198e-05
 67  0.00681  5.15251e-04 | 68  0.00561 -6.35569e-04 | 69  0.00415 -2.86238e-04
 70  0.00251  7.97635e-05 | 71  0.00077 -3.37414e-04 | 72 -0.00095 -3.70439e-04
 73 -0.00256  4.62968e-04 | 74 -0.00397  8.32171e-04 | 75 -0.00508 -1.98055e-04
 76 -0.00583 -9.58255e-04 | 77 -0.00616 -6.51685e-05 | 78 -0.00604  1.12907e-03
 79 -0.00538 -3.64446e-04 | 80 -0.00403 -1.19116e-03 | 81 -0.00207 -3.37095e-04
 82 -0.00058  1.51834e-04 | 83  0.00045  3.08986e-04 | 84  0.00168 -2.82935e-04
 85  0.00352  4.08220e-04 | 86  0.00399  2.46334e-04 | 87  0.00002  8.48318e-05
 88 -0.00752 -7.69080e-04 | 89 -0.01881 -1.53183e-04 | 90 -0.03000  1.22385e-03
 91 -0.03298 -7.51990e-04 | 92 -0.03058  1.13000e-04 | 93 -0.02532 -3.09137e-04
 94 -0.01665 -3.80078e-04 | 95  0.00296 -4.71396e-04 | 96  0.04478 -1.57541e-04
 97  0.03879  5.82865e-04 | 98  0.02568  4.72237e-04 | 99  0.01518 -6.69654e-04
100  0.00439 -1.15133e-03 |101 -0.00921  1.51070e-04 |102 -0.04244  8.66734e-04
103 -0.04363  4.36865e-05 |104 -0.01439  5.90326e-04 |105 -0.00604 -5.58634e-04
106  0.09767  3.47487e-05 |107  0.21319  2.32385e-04 |108  0.02843  1.68487e-04
109  0.08877  1.08670e-04 |110 -0.07153  6.65884e-04 |111  0.00354  2.75111e-04
112 -0.02075  3.63619e-04 |113 -0.05089 -1.28466e-04 |114 -0.05059 -7.64439e-04
115 -0.01175  7.90137e-05 |116 -0.01408 -2.50931e-04 |117 -0.02498 -3.55755e-04
118 -0.03810  2.96721e-04 |119  0.00118 -3.75702e-04 |120  0.33653 -8.22201e-04
121 -0.70672  7.24406e-05 |122 -0.79643 -8.19656e-05 |123 -0.79085  1.13241e-06
124 -1.00017  7.47075e-04 |125  0.08047  2.06763e-04 |126  0.00521  6.17903e-05
127 -0.26173 -3.79532e-04 |128 -0.98900  1.85296e-04 |129  0.31508  3.80199e-04
130  0.96085 -1.10895e-05 |131  0.13746  1.36575e-04 |132 -0.06397  2.01159e-04
133 -0.46068 -5.94935e-04 |134 -0.02999 -1.71098e-04 |135 -0.39221  1.47260e-05
136  0.16617  1.54835e-04 |137  0.32866 -2.62133e-04 |138  0.01665 -3.29654e-04
139 -0.44957 -4.70992e-04 |140 -0.55785  4.66953e-05 |141 -0.11657  6.31285e-04
142 -0.00263 -3.03488e-04 |143 -0.24146  2.01473e-04 |144 -0.24241 -1.36890e-03
145 -0.35840  4.71074e-04 |146 -0.50573 -3.61079e-05 |147 -0.50921  3.19259e-06
148 -0.10416 -4.51908e-05 |149 -0.09380 -3.29015e-05 |150 -0.01740 -2.36002e-04
151  0.22109 -2.80832e-04 |152  0.47894  1.53401e-04 |153  0.02720  2.94467e-05
154  0.64859 -8.82084e-06 |155  0.14267  3.82047e-06 |156  0.07469  1.27449e-04
157  0.06628 -1.25860e-04 |158 -0.11524 -5.47484e-04 |159 -0.08234 -1.99845e-04

Initial statistics: 172 variables; iteration 0; function evaluation 0; phase 6
Function value 2.1885698e+04; maximum gradient component mag 1.6123e-04
Var    Value     Gradient |Var    Value     Gradient |Var    Value     Gradient
  1 -0.39841 -5.32977e-06 |  2 -0.09764  8.86317e-07 |  3 -0.25783  2.01633e-06
  4  0.01329  1.26797e-07 |  5 -0.36762  9.60500e-07 |  6 -0.04017  2.88437e-06
  7  0.09925 -2.01800e-06 |  8  0.00038  1.27685e-06 |  9  0.00042  1.34703e-06
 10  0.00047  1.54672e-06 | 11  0.00052  1.79819e-06 | 12  0.00057  1.97137e-06
 13  0.00063  1.90324e-06 | 14  0.00068  1.44639e-06 | 15  0.00074  5.29624e-07
 16  0.00079 -7.93564e-07 | 17  0.00084 -2.34276e-06 | 18  0.00088 -3.86407e-06
 19  0.00092 -5.12263e-06 | 20  0.00094 -5.97825e-06 | 21  0.00095 -6.39324e-06
 22  0.00093 -6.37192e-06 | 23  0.00089 -5.87652e-06 | 24  0.00083 -4.89370e-06
 25  0.00072 -3.98642e-06 | 26  0.00059 -5.67098e-06 | 27  0.00040 -1.42944e-05
 28  0.00015 -2.54355e-05 | 29 -0.00013 -1.29296e-05 | 30 -0.00047  2.26965e-05
 31 -0.00085  1.56186e-05 | 32 -0.00128 -8.06939e-06 | 33 -0.00175  2.18398e-05
 34 -0.00224 -4.57501e-06 | 35 -0.00277 -1.89164e-06 | 36 -0.00331 -8.24907e-06
 37 -0.00385 -6.34036e-06 | 38 -0.00434  6.32601e-06 | 39 -0.00478 -1.10341e-05
 40 -0.00515 -1.86661e-05 | 41 -0.00544  1.39901e-05 | 42 -0.00566  1.77881e-05
 43 -0.00578 -3.25052e-06 | 44 -0.00580 -9.53619e-06 | 45 -0.00570 -9.99391e-06
 46 -0.00549  1.35129e-05 | 47 -0.00516 -1.23424e-05 | 48 -0.00471 -1.72519e-05
 49 -0.00416 -4.38100e-06 | 50 -0.00349 -8.19118e-06 | 51 -0.00273  2.28767e-05
 52 -0.00188  2.78047e-06 | 53 -0.00096 -3.82665e-05 | 54  0.00003 -1.15611e-05
 55  0.00108  4.75307e-05 | 56  0.00215  9.66976e-06 | 57  0.00325  3.07130e-07
 58  0.00433 -2.69183e-06 | 59  0.00538 -4.13386e-06 | 60  0.00633 -2.42703e-06
 61  0.00717  5.19608e-06 | 62  0.00782  6.15215e-06 | 63  0.00825 -3.79462e-06
 64  0.00839  1.47046e-06 | 65  0.00822 -8.88087e-06 | 66  0.00769 -4.21488e-06
 67  0.00681 -5.25532e-06 | 68  0.00561 -8.51149e-07 | 69  0.00415 -1.28176e-05
 70  0.00250 -1.41873e-05 | 71  0.00077  1.69125e-05 | 72 -0.00095  1.72305e-05
 73 -0.00256 -7.91807e-06 | 74 -0.00397  1.23029e-05 | 75 -0.00508  9.98019e-06
 76 -0.00583 -2.98097e-06 | 77 -0.00616 -1.70321e-05 | 78 -0.00604 -1.41426e-05
 79 -0.00538  1.95486e-05 | 80 -0.00402 -3.68911e-06 | 81 -0.00206  4.53930e-07
 82 -0.00058 -6.62562e-06 | 83  0.00045 -1.26967e-05 | 84  0.00168 -1.33359e-05
 85  0.00352  2.96029e-05 | 86  0.00399 -6.29579e-06 | 87  0.00002 -4.53217e-06
 88 -0.00752  2.49207e-06 | 89 -0.01881  1.85715e-06 | 90 -0.03001 -6.34389e-06
 91 -0.03297 -3.87356e-06 | 92 -0.03058  1.53889e-07 | 93 -0.02532  1.45442e-06
 94 -0.01665 -9.30266e-06 | 95  0.00296  2.96100e-06 | 96  0.04478 -2.52361e-06
 97  0.03879  2.26065e-06 | 98  0.02568  4.53798e-06 | 99  0.01518  1.14493e-06
100  0.00439 -1.48841e-05 |101 -0.00921  4.82430e-06 |102 -0.04244  1.63318e-06
103 -0.04363 -2.32304e-06 |104 -0.01440  1.20471e-06 |105 -0.00604  8.16355e-07
106  0.09767 -4.96230e-06 |107  0.21319  3.57114e-06 |108  0.02843 -3.49923e-07
109  0.08877  4.77957e-07 |110 -0.07153  3.54092e-06 |111  0.00354  6.55140e-07
112 -0.02075  6.54807e-07 |113 -0.05089 -1.03210e-06 |114 -0.05059 -4.04293e-06
115 -0.01175  9.84863e-06 |116 -0.01408 -1.83431e-06 |117 -0.02498 -1.40069e-06
118 -0.03810  1.08697e-05 |119  0.00119 -2.24157e-06 |120  0.00000  0.00000e+00
121  0.00000  0.00000e+00 |122  0.00000  0.00000e+00 |123  0.00000  0.00000e+00
124  0.00000  0.00000e+00 |125  0.00000  0.00000e+00 |126  0.00000  0.00000e+00
127  0.00000  0.00000e+00 |128  0.00000  0.00000e+00 |129  0.00000  0.00000e+00
130  0.00000  0.00000e+00 |131  0.00000  0.00000e+00 |132  0.00000  0.00000e+00
133  0.33653 -2.60471e-06 |134 -0.70673 -1.58212e-07 |135 -0.79642 -3.50218e-07
136 -0.79085 -6.29685e-08 |137 -0.99981 -1.74525e-05 |138  0.08047 -3.35187e-06
139  0.00521 -2.70311e-06 |140 -0.26173  1.32598e-06 |141 -0.98901  5.61874e-07
142  0.31507  2.30513e-06 |143  0.96086  9.07117e-08 |144  0.13746  7.37471e-07
145 -0.06397 -3.65701e-07 |146 -0.46067 -2.01931e-06 |147 -0.02998 -4.34307e-07
148 -0.39222  2.63247e-08 |149  0.16617 -2.07536e-06 |150  0.32867 -1.34004e-06
151  0.01665  1.62408e-06 |152 -0.44957 -5.16681e-07 |153 -0.55787  4.95516e-08
154 -0.11657  2.92554e-06 |155 -0.00263  7.57678e-07 |156 -0.24146  1.58396e-06
157 -0.24241 -2.15621e-06 |158 -0.35846  1.61227e-04 |159 -0.50632 -1.89185e-05
160 -0.50921  1.40057e-06 |161 -0.10416 -2.66635e-06 |162 -0.09380 -7.93436e-07
163 -0.01740  2.92561e-07 |164  0.22109 -1.18877e-06 |165  0.47894  6.49896e-07
166  0.02720  1.13261e-07 |167  0.64859  2.73873e-08 |168  0.14267  1.39668e-08
169  0.07469 -1.96742e-07 |170  0.06628 -2.25008e-06 |171 -0.11524 -1.78216e-06
172 -0.08234  1.73761e-06 |
size of file gradfil1.tmp = 0
size of file gradfil2.tmp = 0
size of file varssave.tmp = 0
size of file cmpdiff.tmp = 0
